Dakota version 6.24 released May 15 2026.
Repository revision 1ab1c9924 (2026-05-11) built May 11 2026 11:08:44.
Running MPI Dakota executable in serial mode.
Start time: Sun Sep  6 15:53:19 2026

------------------
Begin Dakota input
------------------
# Two-parameter profile/refit on h- with the five static parameters fixed at set C.
# Reproduce: CQ_RESIDUALS=1 CQ_RUNS=040_c_56_h-,060_c_45_h-,100_c_12_h-,120_c_12_h-,160_q_56_h-,180_q_12_h-,240_q_23_h-,260_q_45_h-,280_c_34_h- JPS_N_SEEDS=1 JPS_WORKERS=3 dakota -i dakota.in -o dakota.out

environment
  tabular_data
    tabular_data_file = 'motivation_profile_history.dat'

method
  efficient_global
    seed = 11
    max_iterations = 20
    convergence_tolerance = 1.e-4

variables
  continuous_design = 2
    descriptors  'desired_speed' 'time_gap'
    initial_point  1.55 0.833
    lower_bounds   0.80 0.10
    upper_bounds   1.80 1.20

interface
  fork
    analysis_drivers = 'python3 driver_cq_set_c.py'
    parameters_file = 'params.in'
    results_file = 'results.out'
    work_directory named 'runs/run' directory_tag
    link_files = '../driver_cq.py' '../driver_cq_set_c.py' '../observables_cq.py' '../scenario_cq.py' '../exp_observables_cq.json'
  asynchronous evaluation_concurrency = 1

responses
  calibration_terms = 27
  no_gradients
  no_hessians

----------------
End Dakota input
----------------

Using Dakota parser: standard
Writing new restart file 'dakota.rst'.

>>>>> Executing environment.

>>>>> Running efficient_global iterator.

>>>>> Building global_kriging approximations.

NonD lhs Samples = 6 Seed (user-specified) = 11

---------------------
Begin Evaluation    1
---------------------
Parameters for evaluation 1:
                      1.6656859370e+00 desired_speed
                      4.5315187600e-01 time_gap

blocking fork: python3 driver_cq_set_c.py params.in results.out

Active response data for evaluation 1:
Active set vector = { 1 1 1 1 1 1 1 1 1 1 1 1 1 1 1 1 1 1 1 1 1 1 1 1 1 1 1 }
                      9.6255600000e+00 least_sq_term_1
                     -1.6049000000e-01 least_sq_term_2
                      5.7878600000e+00 least_sq_term_3
                      1.1462880000e+01 least_sq_term_4
                     -9.0919000000e-01 least_sq_term_5
                      4.3533800000e+00 least_sq_term_6
                      9.4405600000e+00 least_sq_term_7
                      7.3404700000e+00 least_sq_term_8
                     -2.8368500000e+00 least_sq_term_9
                      9.6958200000e+00 least_sq_term_10
                      1.6451600000e+00 least_sq_term_11
                      8.6510300000e+00 least_sq_term_12
                      1.2222220000e+01 least_sq_term_13
                      1.4106200000e+00 least_sq_term_14
                      1.0775900000e+00 least_sq_term_15
                      7.9180500000e+00 least_sq_term_16
                      3.3481000000e+00 least_sq_term_17
                     -1.3938000000e+00 least_sq_term_18
                      9.7613900000e+00 least_sq_term_19
                      1.5397000000e+00 least_sq_term_20
                      1.9028500000e+00 least_sq_term_21
                      9.8778700000e+00 least_sq_term_22
                     -5.7723000000e-01 least_sq_term_23
                      1.8141700000e+00 least_sq_term_24
                      1.2115130000e+01 least_sq_term_25
                      5.0359100000e+00 least_sq_term_26
                     -3.9295000000e-01 least_sq_term_27



---------------------
Begin Evaluation    2
---------------------
Parameters for evaluation 2:
                      1.4107867197e+00 desired_speed
                      6.6928211158e-01 time_gap

blocking fork: python3 driver_cq_set_c.py params.in results.out

Active response data for evaluation 2:
Active set vector = { 1 1 1 1 1 1 1 1 1 1 1 1 1 1 1 1 1 1 1 1 1 1 1 1 1 1 1 }
                      3.0164500000e+00 least_sq_term_1
                      8.6210000000e-02 least_sq_term_2
                      2.4367200000e+00 least_sq_term_3
                      4.2818400000e+00 least_sq_term_4
                     -4.0643000000e-01 least_sq_term_5
                      1.1174100000e+00 least_sq_term_6
                      3.7899500000e+00 least_sq_term_7
                      6.7654700000e+00 least_sq_term_8
                     -4.3177600000e+00 least_sq_term_9
                      5.0000000000e+00 least_sq_term_10
                      6.8152300000e+00 least_sq_term_11
                     -2.3788200000e+00 least_sq_term_12
                      5.3939400000e+00 least_sq_term_13
                      1.6686300000e+00 least_sq_term_14
                     -6.3553000000e-01 least_sq_term_15
                      2.4547800000e+00 least_sq_term_16
                      2.9715700000e+00 least_sq_term_17
                     -2.6508300000e+00 least_sq_term_18
                      3.4047200000e+00 least_sq_term_19
                      1.1279100000e+00 least_sq_term_20
                     -7.0070000000e-01 least_sq_term_21
                      4.1737200000e+00 least_sq_term_22
                     -7.4380000000e-02 least_sq_term_23
                     -3.7549000000e-01 least_sq_term_24
                      5.3169700000e+00 least_sq_term_25
                      5.3005800000e+00 least_sq_term_26
                     -2.4104200000e+00 least_sq_term_27



---------------------
Begin Evaluation    3
---------------------
Parameters for evaluation 3:
                      1.1365792067e+00 desired_speed
                      5.4370399407e-01 time_gap

blocking fork: python3 driver_cq_set_c.py params.in results.out

Active response data for evaluation 3:
Active set vector = { 1 1 1 1 1 1 1 1 1 1 1 1 1 1 1 1 1 1 1 1 1 1 1 1 1 1 1 }
                      3.0886900000e+00 least_sq_term_1
                     -1.3672000000e-01 least_sq_term_2
                      3.3992800000e+00 least_sq_term_3
                      4.9134600000e+00 least_sq_term_4
                     -1.1633700000e+00 least_sq_term_5
                      2.3717100000e+00 least_sq_term_6
                      4.0740700000e+00 least_sq_term_7
                      7.8871000000e+00 least_sq_term_8
                     -4.3836500000e+00 least_sq_term_9
                      4.3646800000e+00 least_sq_term_10
                      7.2870600000e+00 least_sq_term_11
                     -2.5300500000e+00 least_sq_term_12
                      4.6948400000e+00 least_sq_term_13
                      1.4890200000e+00 least_sq_term_14
                      8.2610000000e-02 least_sq_term_15
                      2.2108800000e+00 least_sq_term_16
                      4.6964800000e+00 least_sq_term_17
                     -3.3885100000e+00 least_sq_term_18
                      3.3717100000e+00 least_sq_term_19
                      1.5767400000e+00 least_sq_term_20
                     -3.4396000000e-01 least_sq_term_21
                      3.6914600000e+00 least_sq_term_22
                     -7.0244000000e-01 least_sq_term_23
                      6.3797000000e-01 least_sq_term_24
                      5.1607400000e+00 least_sq_term_25
                      5.1667800000e+00 least_sq_term_26
                     -1.9959300000e+00 least_sq_term_27



---------------------
Begin Evaluation    4
---------------------
Parameters for evaluation 4:
                      9.7805114136e-01 desired_speed
                      2.3290455297e-01 time_gap

blocking fork: python3 driver_cq_set_c.py params.in results.out

Active response data for evaluation 4:
Active set vector = { 1 1 1 1 1 1 1 1 1 1 1 1 1 1 1 1 1 1 1 1 1 1 1 1 1 1 1 }
                      1.0729430000e+01 least_sq_term_1
                     -2.8860000000e-01 least_sq_term_2
                      7.0537400000e+00 least_sq_term_3
                      1.0173610000e+01 least_sq_term_4
                     -1.8482700000e+00 least_sq_term_5
                      3.3970400000e+00 least_sq_term_6
                      9.9051000000e+00 least_sq_term_7
                      7.3316500000e+00 least_sq_term_8
                     -2.6530600000e+00 least_sq_term_9
                      7.2139300000e+00 least_sq_term_10
                      1.2729000000e-01 least_sq_term_11
                      7.6569900000e+00 least_sq_term_12
                      1.3316860000e+01 least_sq_term_13
                      8.7465000000e-01 least_sq_term_14
                      1.9077500000e+00 least_sq_term_15
                      9.6678500000e+00 least_sq_term_16
                      5.7954500000e+00 least_sq_term_17
                     -2.2602000000e+00 least_sq_term_18
                      1.1276760000e+01 least_sq_term_19
                      1.4361300000e+00 least_sq_term_20
                      1.9237900000e+00 least_sq_term_21
                      1.0764660000e+01 least_sq_term_22
                     -1.4804500000e+00 least_sq_term_23
                      1.7831000000e+00 least_sq_term_24
                      1.2270080000e+01 least_sq_term_25
                      4.1149000000e+00 least_sq_term_26
                     -4.9759000000e-01 least_sq_term_27



---------------------
Begin Evaluation    5
---------------------
Parameters for evaluation 5:
                      1.5438697548e+00 desired_speed
                      1.0580473324e+00 time_gap

blocking fork: python3 driver_cq_set_c.py params.in results.out

Active response data for evaluation 5:
Active set vector = { 1 1 1 1 1 1 1 1 1 1 1 1 1 1 1 1 1 1 1 1 1 1 1 1 1 1 1 }
                      1.3528600000e+00 least_sq_term_1
                     -2.7192000000e-01 least_sq_term_2
                      1.1711700000e+00 least_sq_term_3
                      2.7945600000e+00 least_sq_term_4
                     -4.8211000000e-01 least_sq_term_5
                     -3.0931000000e-01 least_sq_term_6
                      2.4296700000e+00 least_sq_term_7
                      4.5743800000e+00 least_sq_term_8
                     -3.0215500000e+00 least_sq_term_9
                      2.9745000000e+00 least_sq_term_10
                      6.0617900000e+00 least_sq_term_11
                     -3.3662000000e+00 least_sq_term_12
                      3.7598200000e+00 least_sq_term_13
                      1.7255900000e+00 least_sq_term_14
                     -1.9458300000e+00 least_sq_term_15
                      2.5043200000e+00 least_sq_term_16
                      1.8725100000e+00 least_sq_term_17
                     -7.0747000000e-01 least_sq_term_18
                      1.8772200000e+00 least_sq_term_19
                      6.4500000000e-01 least_sq_term_20
                     -1.2817300000e+00 least_sq_term_21
                      1.3401600000e+00 least_sq_term_22
                     -1.6992000000e-01 least_sq_term_23
                     -1.4789000000e+00 least_sq_term_24
                      2.8610400000e+00 least_sq_term_25
                      4.4675400000e+00 least_sq_term_26
                     -3.8647700000e+00 least_sq_term_27



---------------------
Begin Evaluation    6
---------------------
Parameters for evaluation 6:
                      8.3004494903e-01 desired_speed
                      9.2232830179e-01 time_gap

blocking fork: python3 driver_cq_set_c.py params.in results.out

Active response data for evaluation 6:
Active set vector = { 1 1 1 1 1 1 1 1 1 1 1 1 1 1 1 1 1 1 1 1 1 1 1 1 1 1 1 }
                     -3.4722200000e+00 least_sq_term_1
                     -8.2200000000e-02 least_sq_term_2
                     -4.0880000000e-02 least_sq_term_3
                     -2.3677400000e+00 least_sq_term_4
                     -9.8429000000e-01 least_sq_term_5
                     -1.6355400000e+00 least_sq_term_6
                     -3.1401000000e+00 least_sq_term_7
                      7.1925600000e+00 least_sq_term_8
                     -6.1248400000e+00 least_sq_term_9
                     -2.3809500000e+00 least_sq_term_10
                      1.2182990000e+01 least_sq_term_11
                     -6.4846700000e+00 least_sq_term_12
                     -2.2793100000e+00 least_sq_term_13
                      1.4372700000e+00 least_sq_term_14
                     -3.1723900000e+00 least_sq_term_15
                     -3.5693200000e+00 least_sq_term_16
                      3.9390800000e+00 least_sq_term_17
                     -5.1539700000e+00 least_sq_term_18
                     -3.2341100000e+00 least_sq_term_19
                      1.5087900000e+00 least_sq_term_20
                     -3.3169000000e+00 least_sq_term_21
                     -2.9814800000e+00 least_sq_term_22
                     -5.6765000000e-01 least_sq_term_23
                     -2.7074800000e+00 least_sq_term_24
                     -2.4470900000e+00 least_sq_term_25
                      5.2466000000e+00 least_sq_term_26
                     -4.4241500000e+00 least_sq_term_27



>>>>> Appending 6 points to global_kriging approximations.

<<<<< global_kriging approximation updates completed.
Constructing global approximations with no anchor, 6 DACE samples, and 0 reused points.

<<<<< global_kriging approximation builds completed.

>>>>> Initiating global iteration 1 (acquisition batch 1)
Beginning Approximate Fn Evaluations...
NCSU DIRECT succeeded with code 1
(maximum function evaluations exceeded)

Results of EGO iteration:
Final point =
                      1.5339243679e+00 desired_speed
                      1.1477747295e+00 time_gap
Expected Improvement    =
                      7.9919198063e+00

---------------------
Begin Evaluation    7
---------------------
Parameters for evaluation 7:
                      1.5339243679e+00 desired_speed
                      1.1477747295e+00 time_gap

blocking fork: python3 driver_cq_set_c.py params.in results.out

Active response data for evaluation 7:
Active set vector = { 1 1 1 1 1 1 1 1 1 1 1 1 1 1 1 1 1 1 1 1 1 1 1 1 1 1 1 }
                      3.9620000000e-01 least_sq_term_1
                     -7.2500000000e-03 least_sq_term_2
                      3.6115000000e-01 least_sq_term_3
                      2.0544600000e+00 least_sq_term_4
                     -7.6768000000e-01 least_sq_term_5
                     -6.8946000000e-01 least_sq_term_6
                      3.9026600000e+00 least_sq_term_7
                      4.1693400000e+00 least_sq_term_8
                     -2.2927200000e+00 least_sq_term_9
                      4.0504600000e+00 least_sq_term_10
                      4.8902500000e+00 least_sq_term_11
                     -2.1277400000e+00 least_sq_term_12
                      1.7171700000e+00 least_sq_term_13
                      1.7154500000e+00 least_sq_term_14
                     -2.4196400000e+00 least_sq_term_15
                      2.5541100000e+00 least_sq_term_16
                      1.2376300000e+00 least_sq_term_17
                     -3.7820000000e-02 least_sq_term_18
                      1.3028500000e+00 least_sq_term_19
                      9.2700000000e-01 least_sq_term_20
                     -1.9066000000e+00 least_sq_term_21
                      2.3112500000e+00 least_sq_term_22
                     -1.0090000000e-02 least_sq_term_23
                     -1.4835200000e+00 least_sq_term_24
                      2.2760600000e+00 least_sq_term_25
                      4.5091900000e+00 least_sq_term_26
                     -3.7258100000e+00 least_sq_term_27



>>>>> Appending to global_kriging approximations.

<<<<< global_kriging approximation updates completed.

>>>>> Initiating global iteration 2 (acquisition batch 1)
NCSU DIRECT succeeded with code 1
(maximum function evaluations exceeded)

Results of EGO iteration:
Final point =
                      1.4796191863e+00 desired_speed
                      1.1437944193e+00 time_gap
Expected Improvement    =
                      7.6078161354e+00

---------------------
Begin Evaluation    8
---------------------
Parameters for evaluation 8:
                      1.4796191863e+00 desired_speed
                      1.1437944193e+00 time_gap

blocking fork: python3 driver_cq_set_c.py params.in results.out

Active response data for evaluation 8:
Active set vector = { 1 1 1 1 1 1 1 1 1 1 1 1 1 1 1 1 1 1 1 1 1 1 1 1 1 1 1 }
                      5.3248000000e-01 least_sq_term_1
                     -2.2129000000e-01 least_sq_term_2
                      5.7916000000e-01 least_sq_term_3
                      1.1778900000e+00 least_sq_term_4
                     -4.8023000000e-01 least_sq_term_5
                     -1.0539500000e+00 least_sq_term_6
                      1.5447200000e+00 least_sq_term_7
                      4.2974300000e+00 least_sq_term_8
                     -3.4530200000e+00 least_sq_term_9
                      3.1428600000e+00 least_sq_term_10
                      4.9483900000e+00 least_sq_term_11
                     -2.4852500000e+00 least_sq_term_12
                      1.7357600000e+00 least_sq_term_13
                      1.2293700000e+00 least_sq_term_14
                     -2.2819200000e+00 least_sq_term_15
                      8.2742000000e-01 least_sq_term_16
                      1.6970700000e+00 least_sq_term_17
                     -1.3689700000e+00 least_sq_term_18
                     -5.0840000000e-01 least_sq_term_19
                      1.2940800000e+00 least_sq_term_20
                     -2.5915900000e+00 least_sq_term_21
                      2.9844000000e-01 least_sq_term_22
                     -1.0158000000e-01 least_sq_term_23
                     -1.8001500000e+00 least_sq_term_24
                      2.0615600000e+00 least_sq_term_25
                      4.4356400000e+00 least_sq_term_26
                     -3.8120100000e+00 least_sq_term_27



>>>>> Appending to global_kriging approximations.

<<<<< global_kriging approximation updates completed.

>>>>> Initiating global iteration 3 (acquisition batch 1)
NCSU DIRECT succeeded with code 1
(maximum function evaluations exceeded)

Results of EGO iteration:
Final point =
                      1.4850509589e+00 desired_speed
                      1.1999996550e+00 time_gap
Expected Improvement    =
                      1.8459090035e+01

---------------------
Begin Evaluation    9
---------------------
Parameters for evaluation 9:
                      1.4850509589e+00 desired_speed
                      1.1999996550e+00 time_gap

blocking fork: python3 driver_cq_set_c.py params.in results.out

Active response data for evaluation 9:
Active set vector = { 1 1 1 1 1 1 1 1 1 1 1 1 1 1 1 1 1 1 1 1 1 1 1 1 1 1 1 }
                     -1.2890000000e-02 least_sq_term_1
                      9.1200000000e-02 least_sq_term_2
                     -1.0183000000e-01 least_sq_term_3
                      1.3519800000e+00 least_sq_term_4
                     -7.6041000000e-01 least_sq_term_5
                     -8.6126000000e-01 least_sq_term_6
                      3.2976800000e+00 least_sq_term_7
                      4.1410400000e+00 least_sq_term_8
                     -2.7143900000e+00 least_sq_term_9
                      3.1806600000e+00 least_sq_term_10
                      4.6701900000e+00 least_sq_term_11
                     -2.4448000000e+00 least_sq_term_12
                      1.4068200000e+00 least_sq_term_13
                      1.7596300000e+00 least_sq_term_14
                     -2.1548600000e+00 least_sq_term_15
                      1.3382000000e+00 least_sq_term_16
                      4.9701000000e-01 least_sq_term_17
                     -1.1180000000e-01 least_sq_term_18
                      1.1452200000e+00 least_sq_term_19
                      8.8557000000e-01 least_sq_term_20
                     -2.0191500000e+00 least_sq_term_21
                      1.0806900000e+00 least_sq_term_22
                      4.8070000000e-02 least_sq_term_23
                     -2.0126100000e+00 least_sq_term_24
                      9.2744000000e-01 least_sq_term_25
                      4.4879400000e+00 least_sq_term_26
                     -4.3250500000e+00 least_sq_term_27



>>>>> Appending to global_kriging approximations.

<<<<< global_kriging approximation updates completed.

>>>>> Initiating global iteration 4 (acquisition batch 1)
NCSU DIRECT succeeded with code 1
(maximum function evaluations exceeded)

Results of EGO iteration:
Final point =
                      1.4558479681e+00 desired_speed
                      1.1929118190e+00 time_gap
Expected Improvement    =
                      5.7037606162e+00

---------------------
Begin Evaluation   10
---------------------
Parameters for evaluation 10:
                      1.4558479681e+00 desired_speed
                      1.1929118190e+00 time_gap

blocking fork: python3 driver_cq_set_c.py params.in results.out

Active response data for evaluation 10:
Active set vector = { 1 1 1 1 1 1 1 1 1 1 1 1 1 1 1 1 1 1 1 1 1 1 1 1 1 1 1 }
                     -8.9133000000e-01 least_sq_term_1
                     -2.3340000000e-01 least_sq_term_2
                     -4.1401000000e-01 least_sq_term_3
                      1.7429000000e-01 least_sq_term_4
                     -3.7402000000e-01 least_sq_term_5
                     -1.2174700000e+00 least_sq_term_6
                      3.1914900000e+00 least_sq_term_7
                      4.1065700000e+00 least_sq_term_8
                     -2.3540500000e+00 least_sq_term_9
                      2.2081100000e+00 least_sq_term_10
                      5.4435100000e+00 least_sq_term_11
                     -3.1342600000e+00 least_sq_term_12
                      2.2522500000e+00 least_sq_term_13
                      1.5761700000e+00 least_sq_term_14
                     -2.5461200000e+00 least_sq_term_15
                      1.7412900000e+00 least_sq_term_16
                      1.3261400000e+00 least_sq_term_17
                     -4.0360000000e-01 least_sq_term_18
                      9.9034000000e-01 least_sq_term_19
                      5.3578000000e-01 least_sq_term_20
                     -1.5482500000e+00 least_sq_term_21
                      2.2862000000e-01 least_sq_term_22
                      2.5290000000e-02 least_sq_term_23
                     -2.5035500000e+00 least_sq_term_24
                      2.0127400000e+00 least_sq_term_25
                      4.5327200000e+00 least_sq_term_26
                     -4.1142600000e+00 least_sq_term_27



>>>>> Appending to global_kriging approximations.

<<<<< global_kriging approximation updates completed.

>>>>> Initiating global iteration 5 (acquisition batch 1)
NCSU DIRECT succeeded with code 1
(maximum function evaluations exceeded)

Results of EGO iteration:
Final point =
                      1.4838698934e+00 desired_speed
                      1.1785843584e+00 time_gap
Expected Improvement    =
                      2.3854117358e+00

---------------------
Begin Evaluation   11
---------------------
Parameters for evaluation 11:
                      1.4838698934e+00 desired_speed
                      1.1785843584e+00 time_gap

blocking fork: python3 driver_cq_set_c.py params.in results.out

Active response data for evaluation 11:
Active set vector = { 1 1 1 1 1 1 1 1 1 1 1 1 1 1 1 1 1 1 1 1 1 1 1 1 1 1 1 }
                      9.5472000000e-01 least_sq_term_1
                     -1.1210000000e-01 least_sq_term_2
                      2.8587000000e-01 least_sq_term_3
                      2.3353000000e+00 least_sq_term_4
                     -6.2973000000e-01 least_sq_term_5
                     -1.1495500000e+00 least_sq_term_6
                      3.0864200000e+00 least_sq_term_7
                      4.4355500000e+00 least_sq_term_8
                     -2.8766200000e+00 least_sq_term_9
                      2.5925900000e+00 least_sq_term_10
                      5.5213200000e+00 least_sq_term_11
                     -3.1131200000e+00 least_sq_term_12
                      2.1739100000e+00 least_sq_term_13
                      1.7624800000e+00 least_sq_term_14
                     -2.3277600000e+00 least_sq_term_15
                      2.0675100000e+00 least_sq_term_16
                      1.2864500000e+00 least_sq_term_17
                     -2.6548000000e-01 least_sq_term_18
                      1.1974600000e+00 least_sq_term_19
                      6.1995000000e-01 least_sq_term_20
                     -1.6816700000e+00 least_sq_term_21
                      2.9844000000e-01 least_sq_term_22
                     -4.4009000000e-01 least_sq_term_23
                     -2.1229200000e+00 least_sq_term_24
                      8.9869000000e-01 least_sq_term_25
                      3.5248500000e+00 least_sq_term_26
                     -3.9664300000e+00 least_sq_term_27



>>>>> Appending to global_kriging approximations.

<<<<< global_kriging approximation updates completed.

>>>>> Initiating global iteration 6 (acquisition batch 1)
NCSU DIRECT succeeded with code 2
(maximum iterations reached)

Results of EGO iteration:
Final point =
                      1.5160496963e+00 desired_speed
                      1.1999996550e+00 time_gap
Expected Improvement    =
                      3.7752923200e-09

---------------------
Begin Evaluation   12
---------------------
Parameters for evaluation 12:
                      1.5160496963e+00 desired_speed
                      1.1999996550e+00 time_gap

blocking fork: python3 driver_cq_set_c.py params.in results.out

Active response data for evaluation 12:
Active set vector = { 1 1 1 1 1 1 1 1 1 1 1 1 1 1 1 1 1 1 1 1 1 1 1 1 1 1 1 }
                      6.7096000000e-01 least_sq_term_1
                     -2.0036000000e-01 least_sq_term_2
                      4.9869000000e-01 least_sq_term_3
                      1.7381000000e+00 least_sq_term_4
                     -7.1121000000e-01 least_sq_term_5
                     -5.8858000000e-01 least_sq_term_6
                      3.4050200000e+00 least_sq_term_7
                      3.4927000000e+00 least_sq_term_8
                     -1.9021700000e+00 least_sq_term_9
                      2.3114400000e+00 least_sq_term_10
                      5.4471300000e+00 least_sq_term_11
                     -3.4021800000e+00 least_sq_term_12
                      1.9237300000e+00 least_sq_term_13
                      2.0686200000e+00 least_sq_term_14
                     -2.6260400000e+00 least_sq_term_15
                      2.0675100000e+00 least_sq_term_16
                      1.1828500000e+00 least_sq_term_17
                     -2.4674000000e-01 least_sq_term_18
                      9.9034000000e-01 least_sq_term_19
                      4.4194000000e-01 least_sq_term_20
                     -1.7692200000e+00 least_sq_term_21
                      2.3993800000e+00 least_sq_term_22
                     -1.4135000000e-01 least_sq_term_23
                     -1.8264800000e+00 least_sq_term_24
                      2.8787900000e+00 least_sq_term_25
                      4.4744100000e+00 least_sq_term_26
                     -3.6460700000e+00 least_sq_term_27



>>>>> Appending to global_kriging approximations.

<<<<< global_kriging approximation updates completed.

>>>>> Initiating global iteration 7 (acquisition batch 1)
NCSU DIRECT succeeded with code 2
(maximum iterations reached)

Results of EGO iteration:
Final point =
                      1.4901032601e+00 desired_speed
                      1.1342517482e+00 time_gap
Expected Improvement    =
                      9.0529339599e-02

---------------------
Begin Evaluation   13
---------------------
Parameters for evaluation 13:
                      1.4901032601e+00 desired_speed
                      1.1342517482e+00 time_gap

blocking fork: python3 driver_cq_set_c.py params.in results.out

Active response data for evaluation 13:
Active set vector = { 1 1 1 1 1 1 1 1 1 1 1 1 1 1 1 1 1 1 1 1 1 1 1 1 1 1 1 }
                      3.0208000000e-01 least_sq_term_1
                     -1.0234000000e-01 least_sq_term_2
                      6.0083000000e-01 least_sq_term_3
                      5.8010000000e-01 least_sq_term_4
                     -9.9078000000e-01 least_sq_term_5
                     -1.1503100000e+00 least_sq_term_6
                      2.1410600000e+00 least_sq_term_7
                      4.1241700000e+00 least_sq_term_8
                     -3.4953400000e+00 least_sq_term_9
                      3.5865000000e+00 least_sq_term_10
                      4.8345400000e+00 least_sq_term_11
                     -2.2030400000e+00 least_sq_term_12
                      1.7730500000e+00 least_sq_term_13
                      1.7155200000e+00 least_sq_term_14
                     -2.6164300000e+00 least_sq_term_15
                      2.2591600000e+00 least_sq_term_16
                      1.4897400000e+00 least_sq_term_17
                     -3.4153000000e-01 least_sq_term_18
                      1.2500000000e+00 least_sq_term_19
                      6.4225000000e-01 least_sq_term_20
                     -1.8010300000e+00 least_sq_term_21
                      1.6617100000e+00 least_sq_term_22
                     -5.3020000000e-02 least_sq_term_23
                     -1.9342300000e+00 least_sq_term_24
                      2.2261300000e+00 least_sq_term_25
                      4.5557200000e+00 least_sq_term_26
                     -3.7905200000e+00 least_sq_term_27



>>>>> Appending to global_kriging approximations.

<<<<< global_kriging approximation updates completed.

>>>>> Initiating global iteration 8 (acquisition batch 1)
NCSU DIRECT succeeded with code 2
(maximum iterations reached)

Results of EGO iteration:
Final point =
                      1.4790120321e+00 desired_speed
                      1.1999996550e+00 time_gap
Expected Improvement    =
                      3.9583770723e-01

---------------------
Begin Evaluation   14
---------------------
Parameters for evaluation 14:
                      1.4790120321e+00 desired_speed
                      1.1999996550e+00 time_gap

blocking fork: python3 driver_cq_set_c.py params.in results.out

Active response data for evaluation 14:
Active set vector = { 1 1 1 1 1 1 1 1 1 1 1 1 1 1 1 1 1 1 1 1 1 1 1 1 1 1 1 }
                      4.0973000000e-01 least_sq_term_1
                     -2.1142000000e-01 least_sq_term_2
                      4.6446000000e-01 least_sq_term_3
                      9.5759000000e-01 least_sq_term_4
                     -5.1916000000e-01 least_sq_term_5
                     -1.4131300000e+00 least_sq_term_6
                      3.4591200000e+00 least_sq_term_7
                      3.7550200000e+00 least_sq_term_8
                     -2.0452700000e+00 least_sq_term_9
                      2.9930700000e+00 least_sq_term_10
                      4.9914700000e+00 least_sq_term_11
                     -2.7036400000e+00 least_sq_term_12
                      2.0962200000e+00 least_sq_term_13
                      1.7951400000e+00 least_sq_term_14
                     -2.3274400000e+00 least_sq_term_15
                      1.6956200000e+00 least_sq_term_16
                      1.3301700000e+00 least_sq_term_17
                     -4.6923000000e-01 least_sq_term_18
                      8.8857000000e-01 least_sq_term_19
                      3.5074000000e-01 least_sq_term_20
                     -1.7941400000e+00 least_sq_term_21
                      1.2094800000e+00 least_sq_term_22
                     -2.0247000000e-01 least_sq_term_23
                     -2.2696800000e+00 least_sq_term_24
                      2.4614500000e+00 least_sq_term_25
                      4.9998000000e+00 least_sq_term_26
                     -4.0334500000e+00 least_sq_term_27



>>>>> Appending to global_kriging approximations.

<<<<< global_kriging approximation updates completed.

>>>>> Initiating global iteration 9 (acquisition batch 1)
NCSU DIRECT succeeded with code 1
(maximum function evaluations exceeded)

Results of EGO iteration:
Final point =
                      1.4435487037e+00 desired_speed
                      1.1875509229e+00 time_gap
Expected Improvement    =
                      5.3941797498e+00

---------------------
Begin Evaluation   15
---------------------
Parameters for evaluation 15:
                      1.4435487037e+00 desired_speed
                      1.1875509229e+00 time_gap

blocking fork: python3 driver_cq_set_c.py params.in results.out

Active response data for evaluation 15:
Active set vector = { 1 1 1 1 1 1 1 1 1 1 1 1 1 1 1 1 1 1 1 1 1 1 1 1 1 1 1 }
                     -4.6401000000e-01 least_sq_term_1
                      3.2500000000e-03 least_sq_term_2
                     -1.2854000000e-01 least_sq_term_3
                      9.5759000000e-01 least_sq_term_4
                     -7.3444000000e-01 least_sq_term_5
                     -1.0054500000e+00 least_sq_term_6
                      2.3324900000e+00 least_sq_term_7
                      4.1964200000e+00 least_sq_term_8
                     -2.8428700000e+00 least_sq_term_9
                      2.9190200000e+00 least_sq_term_10
                      5.0806600000e+00 least_sq_term_11
                     -2.7566900000e+00 least_sq_term_12
                      1.7730500000e+00 least_sq_term_13
                      1.6488700000e+00 least_sq_term_14
                     -2.5871700000e+00 least_sq_term_15
                     -2.2222000000e-01 least_sq_term_16
                      1.7101400000e+00 least_sq_term_17
                     -2.0631200000e+00 least_sq_term_18
                     -4.2222000000e-01 least_sq_term_19
                      1.0456800000e+00 least_sq_term_20
                     -2.4487700000e+00 least_sq_term_21
                      2.0548000000e-01 least_sq_term_22
                      1.4300000000e-03 least_sq_term_23
                     -1.9775500000e+00 least_sq_term_24
                      7.8463000000e-01 least_sq_term_25
                      4.9335800000e+00 least_sq_term_26
                     -4.3243300000e+00 least_sq_term_27



>>>>> Appending to global_kriging approximations.

<<<<< global_kriging approximation updates completed.

>>>>> Initiating global iteration 10 (acquisition batch 1)
NCSU DIRECT succeeded with code 1
(maximum function evaluations exceeded)

Results of EGO iteration:
Final point =
                      1.4595021837e+00 desired_speed
                      1.1722464958e+00 time_gap
Expected Improvement    =
                      5.7876778929e+00

---------------------
Begin Evaluation   16
---------------------
Parameters for evaluation 16:
                      1.4595021837e+00 desired_speed
                      1.1722464958e+00 time_gap

blocking fork: python3 driver_cq_set_c.py params.in results.out

Active response data for evaluation 16:
Active set vector = { 1 1 1 1 1 1 1 1 1 1 1 1 1 1 1 1 1 1 1 1 1 1 1 1 1 1 1 }
                     -1.7866000000e-01 least_sq_term_1
                      9.4110000000e-02 least_sq_term_2
                      2.9675000000e-01 least_sq_term_3
                      2.6281000000e-01 least_sq_term_4
                     -7.0153000000e-01 least_sq_term_5
                     -1.4261100000e+00 least_sq_term_6
                      3.0864200000e+00 least_sq_term_7
                      4.1531600000e+00 least_sq_term_8
                     -2.2753400000e+00 least_sq_term_9
                      2.9745000000e+00 least_sq_term_10
                      5.2874100000e+00 least_sq_term_11
                     -2.8501900000e+00 least_sq_term_12
                      2.1155800000e+00 least_sq_term_13
                      1.7705100000e+00 least_sq_term_14
                     -2.4291300000e+00 least_sq_term_15
                      6.6354000000e-01 least_sq_term_16
                      1.9963800000e+00 least_sq_term_17
                     -1.5781900000e+00 least_sq_term_18
                      1.6817300000e+00 least_sq_term_19
                      7.2277000000e-01 least_sq_term_20
                     -1.6556100000e+00 least_sq_term_21
                      4.5230000000e-02 least_sq_term_22
                      1.1030000000e-02 least_sq_term_23
                     -2.2473900000e+00 least_sq_term_24
                      1.6312100000e+00 least_sq_term_25
                      4.7480000000e+00 least_sq_term_26
                     -4.0750900000e+00 least_sq_term_27



>>>>> Appending to global_kriging approximations.

<<<<< global_kriging approximation updates completed.

>>>>> Initiating global iteration 11 (acquisition batch 1)
NCSU DIRECT succeeded with code 2
(maximum iterations reached)

Results of EGO iteration:
Final point =
                      1.4436553321e+00 desired_speed
                      1.1999996550e+00 time_gap
Expected Improvement    =
                      5.8600018411e+00

---------------------
Begin Evaluation   17
---------------------
Parameters for evaluation 17:
                      1.4436553321e+00 desired_speed
                      1.1999996550e+00 time_gap

blocking fork: python3 driver_cq_set_c.py params.in results.out

Active response data for evaluation 17:
Active set vector = { 1 1 1 1 1 1 1 1 1 1 1 1 1 1 1 1 1 1 1 1 1 1 1 1 1 1 1 }
                     -2.0387000000e-01 least_sq_term_1
                     -1.9602000000e-01 least_sq_term_2
                      1.6190000000e-01 least_sq_term_3
                      1.7118400000e+00 least_sq_term_4
                     -6.2287000000e-01 least_sq_term_5
                     -5.9309000000e-01 least_sq_term_6
                      2.9824600000e+00 least_sq_term_7
                      3.9584700000e+00 least_sq_term_8
                     -2.3363100000e+00 least_sq_term_9
                      1.7894100000e+00 least_sq_term_10
                      6.4826200000e+00 least_sq_term_11
                     -3.9618800000e+00 least_sq_term_12
                      1.9427400000e+00 least_sq_term_13
                      1.6315000000e+00 least_sq_term_14
                     -2.5494300000e+00 least_sq_term_15
                      1.5152000000e-01 least_sq_term_16
                      2.0344200000e+00 least_sq_term_17
                     -1.8225000000e+00 least_sq_term_18
                     -1.8042000000e-01 least_sq_term_19
                      5.3920000000e-01 least_sq_term_20
                     -2.2147800000e+00 least_sq_term_21
                      3.9243000000e-01 least_sq_term_22
                     -2.3033000000e-01 least_sq_term_23
                     -2.2788300000e+00 least_sq_term_24
                      1.1313500000e+00 least_sq_term_25
                      4.7771900000e+00 least_sq_term_26
                     -4.2269700000e+00 least_sq_term_27



>>>>> Appending to global_kriging approximations.

<<<<< global_kriging approximation updates completed.

>>>>> Initiating global iteration 12 (acquisition batch 1)
NCSU DIRECT succeeded with code 1
(maximum function evaluations exceeded)

Results of EGO iteration:
Final point =
                      1.4764215909e+00 desired_speed
                      1.1404536910e+00 time_gap
Expected Improvement    =
                      8.6289096670e-01

---------------------
Begin Evaluation   18
---------------------
Parameters for evaluation 18:
                      1.4764215909e+00 desired_speed
                      1.1404536910e+00 time_gap

blocking fork: python3 driver_cq_set_c.py params.in results.out

Active response data for evaluation 18:
Active set vector = { 1 1 1 1 1 1 1 1 1 1 1 1 1 1 1 1 1 1 1 1 1 1 1 1 1 1 1 }
                      8.6862000000e-01 least_sq_term_1
                     -8.1470000000e-02 least_sq_term_2
                      2.6639000000e-01 least_sq_term_3
                      1.8705000000e+00 least_sq_term_4
                     -2.2240000000e-01 least_sq_term_5
                     -5.5514000000e-01 least_sq_term_6
                      1.4563100000e+00 least_sq_term_7
                      5.0673200000e+00 least_sq_term_8
                     -4.0213500000e+00 least_sq_term_9
                      3.0864200000e+00 least_sq_term_10
                      6.6894600000e+00 least_sq_term_11
                     -3.2602600000e+00 least_sq_term_12
                      1.9427400000e+00 least_sq_term_13
                      1.6931000000e+00 least_sq_term_14
                     -2.3003700000e+00 least_sq_term_15
                      4.6296000000e-01 least_sq_term_16
                      1.3741600000e+00 least_sq_term_17
                     -1.5618100000e+00 least_sq_term_18
                      2.0776000000e-01 least_sq_term_19
                      6.4470000000e-01 least_sq_term_20
                     -2.1151500000e+00 least_sq_term_21
                      1.0551600000e+00 least_sq_term_22
                     -8.9910000000e-02 least_sq_term_23
                     -2.1105500000e+00 least_sq_term_24
                      2.1434800000e+00 least_sq_term_25
                      5.0321500000e+00 least_sq_term_26
                     -4.2102000000e+00 least_sq_term_27



>>>>> Appending to global_kriging approximations.

<<<<< global_kriging approximation updates completed.

>>>>> Initiating global iteration 13 (acquisition batch 1)
NCSU DIRECT succeeded with code 1
(maximum function evaluations exceeded)

Results of EGO iteration:
Final point =
                      1.5509742380e+00 desired_speed
                      1.0601085539e+00 time_gap
Expected Improvement    =
                      3.1966716044e+01

---------------------
Begin Evaluation   19
---------------------
Parameters for evaluation 19:
                      1.5509742380e+00 desired_speed
                      1.0601085539e+00 time_gap

blocking fork: python3 driver_cq_set_c.py params.in results.out

Active response data for evaluation 19:
Active set vector = { 1 1 1 1 1 1 1 1 1 1 1 1 1 1 1 1 1 1 1 1 1 1 1 1 1 1 1 }
                      1.2927400000e+00 least_sq_term_1
                     -3.1954000000e-01 least_sq_term_2
                      1.0710100000e+00 least_sq_term_3
                      2.6486800000e+00 least_sq_term_4
                     -3.0998000000e-01 least_sq_term_5
                     -3.2552000000e-01 least_sq_term_6
                      4.6666700000e+00 least_sq_term_7
                      3.4454200000e+00 least_sq_term_8
                     -1.6028600000e+00 least_sq_term_9
                      5.0452300000e+00 least_sq_term_10
                      5.4920500000e+00 least_sq_term_11
                     -2.0105000000e+00 least_sq_term_12
                      2.1544300000e+00 least_sq_term_13
                      1.9728300000e+00 least_sq_term_14
                     -2.0558900000e+00 least_sq_term_15
                      3.2258100000e+00 least_sq_term_16
                      1.5019400000e+00 least_sq_term_17
                      4.4460000000e-02 least_sq_term_18
                      2.6719600000e+00 least_sq_term_19
                      8.9906000000e-01 least_sq_term_20
                     -1.3574300000e+00 least_sq_term_21
                      2.6687600000e+00 least_sq_term_22
                     -2.5440000000e-01 least_sq_term_23
                     -1.4724200000e+00 least_sq_term_24
                      3.3333300000e+00 least_sq_term_25
                      4.8164800000e+00 least_sq_term_26
                     -3.6642100000e+00 least_sq_term_27



>>>>> Appending to global_kriging approximations.

<<<<< global_kriging approximation updates completed.

>>>>> Initiating global iteration 14 (acquisition batch 1)
NCSU DIRECT succeeded with code 1
(maximum function evaluations exceeded)

Results of EGO iteration:
Final point =
                      1.4958241837e+00 desired_speed
                      1.1564639348e+00 time_gap
Expected Improvement    =
                      2.2968434540e+00

---------------------
Begin Evaluation   20
---------------------
Parameters for evaluation 20:
                      1.4958241837e+00 desired_speed
                      1.1564639348e+00 time_gap

blocking fork: python3 driver_cq_set_c.py params.in results.out

Active response data for evaluation 20:
Active set vector = { 1 1 1 1 1 1 1 1 1 1 1 1 1 1 1 1 1 1 1 1 1 1 1 1 1 1 1 }
                      2.3548000000e-01 least_sq_term_1
                     -2.0018000000e-01 least_sq_term_2
                      8.6856000000e-01 least_sq_term_3
                      1.6856600000e+00 least_sq_term_4
                     -4.1611000000e-01 least_sq_term_5
                     -6.5878000000e-01 least_sq_term_6
                      3.4050200000e+00 least_sq_term_7
                      4.9137000000e+00 least_sq_term_8
                     -2.8237500000e+00 least_sq_term_9
                      3.3333300000e+00 least_sq_term_10
                      5.2189500000e+00 least_sq_term_11
                     -2.6529800000e+00 least_sq_term_12
                      2.4009100000e+00 least_sq_term_13
                      1.6865200000e+00 least_sq_term_14
                     -2.1151800000e+00 least_sq_term_15
                      2.2108800000e+00 least_sq_term_16
                      1.3506300000e+00 least_sq_term_17
                     -2.1766000000e-01 least_sq_term_18
                      1.3293900000e+00 least_sq_term_19
                      6.2430000000e-01 least_sq_term_20
                     -1.3768600000e+00 least_sq_term_21
                     -6.2934000000e-01 least_sq_term_22
                     -6.4798000000e-01 least_sq_term_23
                     -2.4207000000e+00 least_sq_term_24
                      2.2927700000e+00 least_sq_term_25
                      4.5942600000e+00 least_sq_term_26
                     -3.9043200000e+00 least_sq_term_27



>>>>> Appending to global_kriging approximations.

<<<<< global_kriging approximation updates completed.

>>>>> Initiating global iteration 15 (acquisition batch 1)
NCSU DIRECT succeeded with code 1
(maximum function evaluations exceeded)

Results of EGO iteration:
Final point =
                      1.5547438631e+00 desired_speed
                      1.1561500085e+00 time_gap
Expected Improvement    =
                      6.7988569392e+00

---------------------
Begin Evaluation   21
---------------------
Parameters for evaluation 21:
                      1.5547438631e+00 desired_speed
                      1.1561500085e+00 time_gap

blocking fork: python3 driver_cq_set_c.py params.in results.out

Active response data for evaluation 21:
Active set vector = { 1 1 1 1 1 1 1 1 1 1 1 1 1 1 1 1 1 1 1 1 1 1 1 1 1 1 1 }
                      1.1737100000e+00 least_sq_term_1
                     -1.9033000000e-01 least_sq_term_2
                      1.5291200000e+00 least_sq_term_3
                      2.4197500000e+00 least_sq_term_4
                     -5.5228000000e-01 least_sq_term_5
                     -1.2271000000e-01 least_sq_term_6
                      4.1899400000e+00 least_sq_term_7
                      3.5574900000e+00 least_sq_term_8
                     -1.4673800000e+00 least_sq_term_9
                      4.6012300000e+00 least_sq_term_10
                      4.9375300000e+00 least_sq_term_11
                     -2.0520200000e+00 least_sq_term_12
                      2.1739100000e+00 least_sq_term_13
                      1.4834900000e+00 least_sq_term_14
                     -2.3027500000e+00 least_sq_term_15
                      2.7050600000e+00 least_sq_term_16
                      1.1734400000e+00 least_sq_term_17
                      1.5002000000e-01 least_sq_term_18
                      1.6817300000e+00 least_sq_term_19
                      7.8908000000e-01 least_sq_term_20
                     -1.9295200000e+00 least_sq_term_21
                      3.2184000000e-01 least_sq_term_22
                     -4.8001000000e-01 least_sq_term_23
                     -2.2402800000e+00 least_sq_term_24
                      2.3262700000e+00 least_sq_term_25
                      4.3753700000e+00 least_sq_term_26
                     -3.7950800000e+00 least_sq_term_27



>>>>> Appending to global_kriging approximations.

<<<<< global_kriging approximation updates completed.

>>>>> Initiating global iteration 16 (acquisition batch 1)
NCSU DIRECT succeeded with code 2
(maximum iterations reached)

Results of EGO iteration:
Final point =
                      1.3000000000e+00 desired_speed
                      6.5000000000e-01 time_gap
Expected Improvement    =
                      0.0000000000e+00

---------------------
Begin Evaluation   22
---------------------
Parameters for evaluation 22:
                      1.3000000000e+00 desired_speed
                      6.5000000000e-01 time_gap

blocking fork: python3 driver_cq_set_c.py params.in results.out

Active response data for evaluation 22:
Active set vector = { 1 1 1 1 1 1 1 1 1 1 1 1 1 1 1 1 1 1 1 1 1 1 1 1 1 1 1 }
                      2.8558500000e+00 least_sq_term_1
                      1.0342000000e-01 least_sq_term_2
                      2.8699300000e+00 least_sq_term_3
                      4.5230300000e+00 least_sq_term_4
                     -7.6215000000e-01 least_sq_term_5
                      8.7271000000e-01 least_sq_term_6
                      2.7272700000e+00 least_sq_term_7
                      7.2171300000e+00 least_sq_term_8
                     -4.5019700000e+00 least_sq_term_9
                      4.1333300000e+00 least_sq_term_10
                      6.8660200000e+00 least_sq_term_11
                     -2.7970300000e+00 least_sq_term_12
                      4.7451000000e+00 least_sq_term_13
                      1.3793500000e+00 least_sq_term_14
                     -9.4870000000e-01 least_sq_term_15
                      2.1628500000e+00 least_sq_term_16
                      3.5412400000e+00 least_sq_term_17
                     -2.8785600000e+00 least_sq_term_18
                      3.3717100000e+00 least_sq_term_19
                      1.3495800000e+00 least_sq_term_20
                      2.0594000000e-01 least_sq_term_21
                      3.2955200000e+00 least_sq_term_22
                     -4.6917000000e-01 least_sq_term_23
                     -2.9692000000e-01 least_sq_term_24
                      5.1607400000e+00 least_sq_term_25
                      5.4528000000e+00 least_sq_term_26
                     -2.4279600000e+00 least_sq_term_27



>>>>> Appending to global_kriging approximations.

<<<<< global_kriging approximation updates completed.

>>>>> Initiating global iteration 17 (acquisition batch 1)
NCSU DIRECT succeeded with code 1
(maximum function evaluations exceeded)

Results of EGO iteration:
Final point =
                      1.4831103233e+00 desired_speed
                      1.1463354979e+00 time_gap
Expected Improvement    =
                      1.6094174924e+00

---------------------
Begin Evaluation   23
---------------------
Parameters for evaluation 23:
                      1.4831103233e+00 desired_speed
                      1.1463354979e+00 time_gap

blocking fork: python3 driver_cq_set_c.py params.in results.out

Active response data for evaluation 23:
Active set vector = { 1 1 1 1 1 1 1 1 1 1 1 1 1 1 1 1 1 1 1 1 1 1 1 1 1 1 1 }
                      1.3830700000e+00 least_sq_term_1
                     -1.1690000000e-01 least_sq_term_2
                      9.0683000000e-01 least_sq_term_3
                      6.2640000000e-01 least_sq_term_4
                     -8.3855000000e-01 least_sq_term_5
                     -1.1192600000e+00 least_sq_term_6
                      2.1410600000e+00 least_sq_term_7
                      4.2714300000e+00 least_sq_term_8
                     -3.3842500000e+00 least_sq_term_9
                      3.0670700000e+00 least_sq_term_10
                      5.6249500000e+00 least_sq_term_11
                     -3.0070600000e+00 least_sq_term_12
                      2.9032300000e+00 least_sq_term_13
                      1.4267500000e+00 least_sq_term_14
                     -2.1349500000e+00 least_sq_term_15
                      2.3076900000e+00 least_sq_term_16
                      1.0663100000e+00 least_sq_term_17
                     -5.8700000000e-02 least_sq_term_18
                      1.5992000000e+00 least_sq_term_19
                      7.2380000000e-01 least_sq_term_20
                     -1.5869700000e+00 least_sq_term_21
                      5.3538000000e-01 least_sq_term_22
                     -1.9200000000e-01 least_sq_term_23
                     -1.8537900000e+00 least_sq_term_24
                      2.5469200000e+00 least_sq_term_25
                      4.1205100000e+00 least_sq_term_26
                     -3.7044600000e+00 least_sq_term_27



>>>>> Appending to global_kriging approximations.

<<<<< global_kriging approximation updates completed.

>>>>> Initiating global iteration 18 (acquisition batch 1)
NCSU DIRECT succeeded with code 1
(maximum function evaluations exceeded)

Results of EGO iteration:
Final point =
                      1.4919140601e+00 desired_speed
                      1.0970801086e+00 time_gap
Expected Improvement    =
                      6.7392850532e+00

---------------------
Begin Evaluation   24
---------------------
Parameters for evaluation 24:
                      1.4919140601e+00 desired_speed
                      1.0970801086e+00 time_gap

blocking fork: python3 driver_cq_set_c.py params.in results.out

Active response data for evaluation 24:
Active set vector = { 1 1 1 1 1 1 1 1 1 1 1 1 1 1 1 1 1 1 1 1 1 1 1 1 1 1 1 }
                      7.5512000000e-01 least_sq_term_1
                     -1.7728000000e-01 least_sq_term_2
                      5.6742000000e-01 least_sq_term_3
                      1.6075700000e+00 least_sq_term_4
                     -7.5276000000e-01 least_sq_term_5
                     -8.0323000000e-01 least_sq_term_6
                      1.5004100000e+00 least_sq_term_7
                      4.2936500000e+00 least_sq_term_8
                     -3.8454200000e+00 least_sq_term_9
                      3.7055200000e+00 least_sq_term_10
                      5.9324000000e+00 least_sq_term_11
                     -2.9548700000e+00 least_sq_term_12
                      3.2676200000e+00 least_sq_term_13
                      1.8210700000e+00 least_sq_term_14
                     -1.9476900000e+00 least_sq_term_15
                      0.0000000000e+00 least_sq_term_16
                      1.9359500000e+00 least_sq_term_17
                     -2.2018800000e+00 least_sq_term_18
                      1.6817300000e+00 least_sq_term_19
                      7.9559000000e-01 least_sq_term_20
                     -1.6598400000e+00 least_sq_term_21
                      1.3401600000e+00 least_sq_term_22
                     -1.5044000000e-01 least_sq_term_23
                     -1.7274300000e+00 least_sq_term_24
                      2.6678700000e+00 least_sq_term_25
                      4.7080300000e+00 least_sq_term_26
                     -3.6386500000e+00 least_sq_term_27



>>>>> Appending to global_kriging approximations.

<<<<< global_kriging approximation updates completed.

>>>>> Initiating global iteration 19 (acquisition batch 1)
NCSU DIRECT succeeded with code 1
(maximum function evaluations exceeded)

Results of EGO iteration:
Final point =
                      1.5733436073e+00 desired_speed
                      1.1502026566e+00 time_gap
Expected Improvement    =
                      3.2968170840e+01

---------------------
Begin Evaluation   25
---------------------
Parameters for evaluation 25:
                      1.5733436073e+00 desired_speed
                      1.1502026566e+00 time_gap

blocking fork: python3 driver_cq_set_c.py params.in results.out

Active response data for evaluation 25:
Active set vector = { 1 1 1 1 1 1 1 1 1 1 1 1 1 1 1 1 1 1 1 1 1 1 1 1 1 1 1 }
                      1.5356400000e+00 least_sq_term_1
                     -1.9625000000e-01 least_sq_term_2
                      7.4799000000e-01 least_sq_term_3
                      3.5266500000e+00 least_sq_term_4
                     -5.8436000000e-01 least_sq_term_5
                     -6.3713000000e-01 least_sq_term_6
                      3.5682000000e+00 least_sq_term_7
                      3.0786700000e+00 least_sq_term_8
                     -1.3294500000e+00 least_sq_term_9
                      4.4286700000e+00 least_sq_term_10
                      5.6146300000e+00 least_sq_term_11
                     -2.6531500000e+00 least_sq_term_12
                      2.0191600000e+00 least_sq_term_13
                      1.5258400000e+00 least_sq_term_14
                     -1.8998700000e+00 least_sq_term_15
                      2.6544800000e+00 least_sq_term_16
                      1.0487600000e+00 least_sq_term_17
                      8.9640000000e-02 least_sq_term_18
                      2.0769200000e+00 least_sq_term_19
                      7.7274000000e-01 least_sq_term_20
                     -1.4744200000e+00 least_sq_term_21
                      1.8268300000e+00 least_sq_term_22
                     -4.4670000000e-02 least_sq_term_23
                     -1.7462500000e+00 least_sq_term_24
                      2.2095400000e+00 least_sq_term_25
                      5.5639400000e+00 least_sq_term_26
                     -4.2001600000e+00 least_sq_term_27



>>>>> Appending to global_kriging approximations.

<<<<< global_kriging approximation updates completed.

>>>>> Initiating global iteration 20 (acquisition batch 1)
NCSU DIRECT succeeded with code 1
(maximum function evaluations exceeded)

Results of EGO iteration:
Final point =
                      1.5255960680e+00 desired_speed
                      1.1297629464e+00 time_gap
Expected Improvement    =
                      2.2486332470e+00

---------------------
Begin Evaluation   26
---------------------
Parameters for evaluation 26:
                      1.5255960680e+00 desired_speed
                      1.1297629464e+00 time_gap

blocking fork: python3 driver_cq_set_c.py params.in results.out

Active response data for evaluation 26:
Active set vector = { 1 1 1 1 1 1 1 1 1 1 1 1 1 1 1 1 1 1 1 1 1 1 1 1 1 1 1 }
                      1.1885000000e+00 least_sq_term_1
                     -2.3716000000e-01 least_sq_term_2
                      9.5669000000e-01 least_sq_term_3
                      2.1961900000e+00 least_sq_term_4
                     -4.4804000000e-01 least_sq_term_5
                     -5.0658000000e-01 least_sq_term_6
                      3.8461500000e+00 least_sq_term_7
                      4.0327800000e+00 least_sq_term_8
                     -2.1466300000e+00 least_sq_term_9
                      3.7055200000e+00 least_sq_term_10
                      5.8983700000e+00 least_sq_term_11
                     -2.9533400000e+00 least_sq_term_12
                      3.1159400000e+00 least_sq_term_13
                      1.4372300000e+00 least_sq_term_14
                     -2.1373300000e+00 least_sq_term_15
                      2.7050600000e+00 least_sq_term_16
                      1.3763900000e+00 least_sq_term_17
                      5.4030000000e-02 least_sq_term_18
                      1.2763900000e+00 least_sq_term_19
                      9.1475000000e-01 least_sq_term_20
                     -1.9312300000e+00 least_sq_term_21
                      8.2860000000e-01 least_sq_term_22
                      4.8540000000e-02 least_sq_term_23
                     -1.8569300000e+00 least_sq_term_24
                      2.1599500000e+00 least_sq_term_25
                      4.5035800000e+00 least_sq_term_26
                     -4.0273700000e+00 least_sq_term_27



>>>>> Appending to global_kriging approximations.

<<<<< global_kriging approximation updates completed.

Stopping criteria not met: distConvergenceCntr (0) < distConvergenceLimit (1)
Stopping criteria not met: eifConvergenceCntr (0) < eifConvergenceLimit (2)
Stopping criteria met:     globalIterCount (20) >= maxIterations (20)
<<<<< Function evaluation summary: 26 total (26 new, 0 duplicate)
<<<<< Best parameters          =
                      1.4850509589e+00 desired_speed
                      1.1999996550e+00 time_gap
<<<<< Best residual terms =
                     -1.2890000000e-02
                      9.1200000000e-02
                     -1.0183000000e-01
                      1.3519800000e+00
                     -7.6041000000e-01
                     -8.6126000000e-01
                      3.2976800000e+00
                      4.1410400000e+00
                     -2.7143900000e+00
                      3.1806600000e+00
                      4.6701900000e+00
                     -2.4448000000e+00
                      1.4068200000e+00
                      1.7596300000e+00
                     -2.1548600000e+00
                      1.3382000000e+00
                      4.9701000000e-01
                     -1.1180000000e-01
                      1.1452200000e+00
                      8.8557000000e-01
                     -2.0191500000e+00
                      1.0806900000e+00
                      4.8070000000e-02
                     -2.0126100000e+00
                      9.2744000000e-01
                      4.4879400000e+00
                     -4.3250500000e+00
<<<<< Best residual norm =  1.1803911685e+01; 0.5 * norm^2 =  6.9666165531e+01
<<<<< Best evaluation ID: 9


<<<<< Iterator efficient_global completed.
<<<<< Environment execution completed.
DAKOTA execution time in seconds:
  Total CPU        =    46.5727 [parent =    46.5727, child =          0]
  Total wall clock =    172.468
