Dakota version 6.24 released May 15 2026.
Repository revision 1ab1c9924 (2026-05-11) built May 11 2026 11:08:44.
Running MPI Dakota executable in serial mode.
Start time: Sat Sep  5 12:18:51 2026

------------------
Begin Dakota input
------------------
# Calibration of the CFSM on the Hermes bottleneck runs b = 2.4, 3.6, 5.0 m
# (b = 3.0 and 4.4 held out for validation). Residuals = sim - experiment for
# flow, density, speed per width; 2 seeds averaged. Weights = 1/sigma^2 with
# sigma = 6 % of J, 10 % of rho, 10 % of v (measurement + seed noise).
# Run:  HERMES_RESIDUALS=1 JPS_N_SEEDS=2 HERMES_WIDTHS=2.4,3.6,5.0 dakota -i dakota.in -o dakota.out

environment
  tabular_data
    tabular_data_file = 'calib_history.dat'

method
  efficient_global
    seed = 5
    max_iterations = 60
    convergence_tolerance = 1.e-4

variables
  continuous_design = 5
    descriptors    'desired_speed' 'radius' 'time_gap' 'strength_neighbor' 'range_neighbor'
    initial_point   1.2   0.20  0.50   8.0   0.10
    lower_bounds    0.8   0.12  0.10   2.0   0.02
    upper_bounds    1.6   0.25  1.00  10.0   0.30

interface
  fork
    analysis_drivers = 'python3 driver.py'
    parameters_file  = 'params.in'
    results_file     = 'results.out'
    work_directory named 'runs/run' directory_tag
    link_files = '../driver.py' '../observables.py' '../scenario.py' '../exp_observables.json'
  asynchronous evaluation_concurrency = 1

responses
  calibration_terms = 9
    descriptors 'flow_2.4' 'density_2.4' 'speed_2.4' 'flow_3.6' 'density_3.6' 'speed_3.6' 'flow_5.0' 'density_5.0' 'speed_5.0'
    weights = 7.6 3.2 977   3.4 4.3 517   1.45 6.0 252
  no_gradients
  no_hessians

----------------
End Dakota input
----------------

Using Dakota parser: standard
Writing new restart file 'dakota.rst'.

>>>>> Executing environment.

>>>>> Running efficient_global iterator.

>>>>> Building global_kriging approximations.

NonD lhs Samples = 21 Seed (user-specified) = 5

---------------------
Begin Evaluation    1
---------------------
Parameters for evaluation 1:
                      1.0635661297e+00 desired_speed
                      2.2882756739e-01 radius
                      2.3257270150e-01 time_gap
                      5.1878713141e+00 strength_neighbor
                      2.1395275329e-01 range_neighbor

blocking fork: python3 driver.py params.in results.out

Active response data for evaluation 1:
Active set vector = { 1 1 1 1 1 1 1 1 1 }
                     -1.1358300000e+00 flow_2.4
                     -2.5445000000e+00 density_2.4
                      1.9410000000e-01 speed_2.4
                     -7.2179000000e-01 flow_3.6
                     -2.1194400000e+00 density_3.6
                      3.1922000000e-01 speed_3.6
                     -2.3040800000e+00 flow_5.0
                     -1.5165500000e+00 density_5.0
                      2.9714000000e-01 speed_5.0



---------------------
Begin Evaluation    2
---------------------
Parameters for evaluation 2:
                      1.2341613945e+00 desired_speed
                      2.3447512760e-01 radius
                      8.7247028115e-01 time_gap
                      3.7585237456e+00 strength_neighbor
                      1.9788702777e-01 range_neighbor

blocking fork: python3 driver.py params.in results.out

Active response data for evaluation 2:
Active set vector = { 1 1 1 1 1 1 1 1 1 }
                     -3.3090000000e+00 flow_2.4
                     -3.0413500000e+00 density_2.4
                     -9.8000000000e-03 speed_2.4
                     -5.0608800000e+00 flow_3.6
                     -2.6824400000e+00 density_3.6
                     -1.6380000000e-02 speed_3.6
                     -8.3591300000e+00 flow_5.0
                     -2.1825700000e+00 density_5.0
                     -8.6460000000e-02 speed_5.0



---------------------
Begin Evaluation    3
---------------------
Parameters for evaluation 3:
                      1.3530825901e+00 desired_speed
                      1.9502297127e-01 radius
                      5.3566912236e-01 time_gap
                      9.1316417423e+00 strength_neighbor
                      2.2811603445e-01 range_neighbor

blocking fork: python3 driver.py params.in results.out

Active response data for evaluation 3:
Active set vector = { 1 1 1 1 1 1 1 1 1 }
                     -1.3801700000e+00 flow_2.4
                     -2.9336700000e+00 density_2.4
                      1.9177000000e-01 speed_2.4
                     -1.9159700000e+00 flow_3.6
                     -2.5162400000e+00 density_3.6
                      3.0183000000e-01 speed_3.6
                     -3.9385000000e+00 flow_5.0
                     -2.0420200000e+00 density_5.0
                      3.0793000000e-01 speed_5.0



---------------------
Begin Evaluation    4
---------------------
Parameters for evaluation 4:
                      1.4928655705e+00 desired_speed
                      2.0230906625e-01 radius
                      1.1139224807e-01 time_gap
                      4.8867287095e+00 strength_neighbor
                      1.4086009196e-01 range_neighbor

blocking fork: python3 driver.py params.in results.out

Active response data for evaluation 4:
Active set vector = { 1 1 1 1 1 1 1 1 1 }
                      4.2103400000e+00 flow_2.4
                     -1.3516000000e+00 density_2.4
                      3.9506000000e-01 speed_2.4
                      7.1066700000e+00 flow_3.6
                     -1.0161500000e+00 density_3.6
                      6.1693000000e-01 speed_3.6
                      9.4633200000e+00 flow_5.0
                     -5.3860000000e-01 density_5.0
                      6.4918000000e-01 speed_5.0



---------------------
Begin Evaluation    5
---------------------
Parameters for evaluation 5:
                      1.5649806198e+00 desired_speed
                      2.2228941845e-01 radius
                      7.4673780120e-01 time_gap
                      6.3868467072e+00 strength_neighbor
                      2.6646574772e-01 range_neighbor

blocking fork: python3 driver.py params.in results.out

Active response data for evaluation 5:
Active set vector = { 1 1 1 1 1 1 1 1 1 }
                     -2.5926800000e+00 flow_2.4
                     -3.2256800000e+00 density_2.4
                      1.0394000000e-01 speed_2.4
                     -3.6406500000e+00 flow_3.6
                     -2.8709900000e+00 density_3.6
                      1.8719000000e-01 speed_3.6
                     -6.4747300000e+00 flow_5.0
                     -2.3556700000e+00 density_5.0
                      1.2952000000e-01 speed_5.0



---------------------
Begin Evaluation    6
---------------------
Parameters for evaluation 6:
                      1.2863202994e+00 desired_speed
                      1.5193239440e-01 radius
                      3.4970946796e-01 time_gap
                      4.5002619068e+00 strength_neighbor
                      2.7495397959e-01 range_neighbor

blocking fork: python3 driver.py params.in results.out

Active response data for evaluation 6:
Active set vector = { 1 1 1 1 1 1 1 1 1 }
                      2.4532300000e+00 flow_2.4
                     -1.8078200000e+00 density_2.4
                      3.0378000000e-01 speed_2.4
                      4.1439400000e+00 flow_3.6
                     -1.4995600000e+00 density_3.6
                      4.7990000000e-01 speed_3.6
                      4.2441400000e+00 flow_5.0
                     -9.8854000000e-01 density_5.0
                      4.2594000000e-01 speed_5.0



---------------------
Begin Evaluation    7
---------------------
Parameters for evaluation 7:
                      1.2042569090e+00 desired_speed
                      1.7741101145e-01 radius
                      5.2396047225e-01 time_gap
                      6.0727356937e+00 strength_neighbor
                      1.2106295198e-01 range_neighbor

blocking fork: python3 driver.py params.in results.out

Active response data for evaluation 7:
Active set vector = { 1 1 1 1 1 1 1 1 1 }
                     -8.0242000000e-01 flow_2.4
                     -1.0874300000e+00 density_2.4
                      7.4600000000e-03 speed_2.4
                     -7.8718000000e-01 flow_3.6
                     -1.3057800000e+00 density_3.6
                      1.1042000000e-01 speed_3.6
                     -3.2327800000e+00 flow_5.0
                     -9.2823000000e-01 density_5.0
                      4.8100000000e-03 speed_5.0



---------------------
Begin Evaluation    8
---------------------
Parameters for evaluation 8:
                      1.3899671618e+00 desired_speed
                      1.2402045973e-01 radius
                      2.8229663718e-01 time_gap
                      8.5748943216e+00 strength_neighbor
                      1.0625984498e-01 range_neighbor

blocking fork: python3 driver.py params.in results.out

Active response data for evaluation 8:
Active set vector = { 1 1 1 1 1 1 1 1 1 }
                      6.8439400000e+00 flow_2.4
                      1.5700700000e+00 density_2.4
                      1.7257000000e-01 speed_2.4
                      1.0637750000e+01 flow_3.6
                      1.0394000000e+00 density_3.6
                      3.2954000000e-01 speed_3.6
                      1.3630550000e+01 flow_5.0
                      7.6650000000e-01 density_5.0
                      3.4401000000e-01 speed_5.0



---------------------
Begin Evaluation    9
---------------------
Parameters for evaluation 9:
                      1.1462788965e+00 desired_speed
                      1.7021033808e-01 radius
                      9.6590952339e-01 time_gap
                      6.8823495929e+00 strength_neighbor
                      3.1606441218e-02 range_neighbor

blocking fork: python3 driver.py params.in results.out

Active response data for evaluation 9:
Active set vector = { 1 1 1 1 1 1 1 1 1 }
                     -2.7320200000e+00 flow_2.4
                     -1.8500700000e+00 density_2.4
                     -7.2650000000e-02 speed_2.4
                     -5.4043800000e+00 flow_3.6
                     -2.3259400000e+00 density_3.6
                     -1.3555000000e-01 speed_3.6
                     -9.8636400000e+00 flow_5.0
                     -2.6092300000e+00 density_5.0
                     -3.5700000000e-01 speed_5.0



---------------------
Begin Evaluation   10
---------------------
Parameters for evaluation 10:
                      1.4208304951e+00 desired_speed
                      1.3745387921e-01 radius
                      4.3572111763e-01 time_gap
                      2.2609202310e+00 strength_neighbor
                      1.6902994836e-01 range_neighbor

blocking fork: python3 driver.py params.in results.out

Active response data for evaluation 10:
Active set vector = { 1 1 1 1 1 1 1 1 1 }
                      3.3879900000e+00 flow_2.4
                      8.6359000000e-01 density_2.4
                      9.4600000000e-02 speed_2.4
                      4.8673800000e+00 flow_3.6
                      3.2777000000e-01 density_3.6
                      1.7440000000e-01 speed_3.6
                      4.7561200000e+00 flow_5.0
                      4.5880000000e-02 density_5.0
                      1.1773000000e-01 speed_5.0



---------------------
Begin Evaluation   11
---------------------
Parameters for evaluation 11:
                      1.4853646069e+00 desired_speed
                      1.6187468754e-01 radius
                      7.4115257379e-01 time_gap
                      3.9134983204e+00 strength_neighbor
                      6.9288865775e-02 range_neighbor

blocking fork: python3 driver.py params.in results.out

Active response data for evaluation 11:
Active set vector = { 1 1 1 1 1 1 1 1 1 }
                     -1.0484400000e+00 flow_2.4
                     -9.8513000000e-01 density_2.4
                     -1.0330000000e-02 speed_2.4
                     -2.1083400000e+00 flow_3.6
                     -2.0175400000e+00 density_3.6
                      1.0747000000e-01 speed_3.6
                     -6.6574700000e+00 flow_5.0
                     -2.0522900000e+00 density_5.0
                     -1.1461000000e-01 speed_5.0



---------------------
Begin Evaluation   12
---------------------
Parameters for evaluation 12:
                      1.1039788571e+00 desired_speed
                      1.6878056259e-01 radius
                      6.1248629283e-01 time_gap
                      3.4398150791e+00 strength_neighbor
                      1.5865259741e-01 range_neighbor

blocking fork: python3 driver.py params.in results.out

Active response data for evaluation 12:
Active set vector = { 1 1 1 1 1 1 1 1 1 }
                     -9.0489000000e-01 flow_2.4
                     -8.3244000000e-01 density_2.4
                     -9.3800000000e-03 speed_2.4
                     -9.9573000000e-01 flow_3.6
                     -1.0597900000e+00 density_3.6
                      6.8710000000e-02 speed_3.6
                     -3.3143300000e+00 flow_5.0
                     -8.1188000000e-01 density_5.0
                     -3.9400000000e-02 speed_5.0



---------------------
Begin Evaluation   13
---------------------
Parameters for evaluation 13:
                      9.4595534629e-01 desired_speed
                      1.4130334281e-01 radius
                      1.4348203217e-01 time_gap
                      8.0897616775e+00 strength_neighbor
                      2.4361138788e-01 range_neighbor

blocking fork: python3 driver.py params.in results.out

Active response data for evaluation 13:
Active set vector = { 1 1 1 1 1 1 1 1 1 }
                      1.0926000000e+00 flow_2.4
                     -2.2866700000e+00 density_2.4
                      2.8201000000e-01 speed_2.4
                      1.5338200000e+00 flow_3.6
                     -1.8374600000e+00 density_3.6
                      3.4354000000e-01 speed_3.6
                      2.7655000000e-01 flow_5.0
                     -1.2679600000e+00 density_5.0
                      2.3228000000e-01 speed_5.0



---------------------
Begin Evaluation   14
---------------------
Parameters for evaluation 14:
                      1.3087290683e+00 desired_speed
                      1.9065955015e-01 radius
                      4.4903561264e-01 time_gap
                      3.0831905764e+00 strength_neighbor
                      7.3362856203e-02 range_neighbor

blocking fork: python3 driver.py params.in results.out

Active response data for evaluation 14:
Active set vector = { 1 1 1 1 1 1 1 1 1 }
                     -1.1426000000e-01 flow_2.4
                     -1.9207600000e+00 density_2.4
                      1.6071000000e-01 speed_2.4
                     -1.4366000000e+00 flow_3.6
                     -2.2232600000e+00 density_3.6
                      2.3190000000e-01 speed_3.6
                     -5.2529200000e+00 flow_5.0
                     -2.2992300000e+00 density_5.0
                      4.1330000000e-02 speed_5.0



---------------------
Begin Evaluation   15
---------------------
Parameters for evaluation 15:
                      8.0845688272e-01 desired_speed
                      2.4834015442e-01 radius
                      1.9791510930e-01 time_gap
                      5.4291970172e+00 strength_neighbor
                      5.8969994805e-02 range_neighbor

blocking fork: python3 driver.py params.in results.out

Active response data for evaluation 15:
Active set vector = { 1 1 1 1 1 1 1 1 1 }
                     -2.3228400000e+00 flow_2.4
                     -2.3840500000e+00 density_2.4
                      3.1700000000e-02 speed_2.4
                     -2.8205600000e+00 flow_3.6
                     -1.9044900000e+00 density_3.6
                      8.0980000000e-02 speed_3.6
                     -4.7486800000e+00 flow_5.0
                     -1.4059600000e+00 density_5.0
                      6.1880000000e-02 speed_5.0



---------------------
Begin Evaluation   16
---------------------
Parameters for evaluation 16:
                      9.6025596777e-01 desired_speed
                      2.1210130473e-01 radius
                      3.7118131178e-01 time_gap
                      7.6859594235e+00 strength_neighbor
                      1.3975291652e-01 range_neighbor

blocking fork: python3 driver.py params.in results.out

Active response data for evaluation 16:
Active set vector = { 1 1 1 1 1 1 1 1 1 }
                     -1.5165200000e+00 flow_2.4
                     -2.1433300000e+00 density_2.4
                      6.4590000000e-02 speed_2.4
                     -1.9464000000e+00 flow_3.6
                     -1.8302800000e+00 density_3.6
                      1.3658000000e-01 speed_3.6
                     -3.6882600000e+00 flow_5.0
                     -1.4270600000e+00 density_5.0
                      1.3413000000e-01 speed_5.0



---------------------
Begin Evaluation   17
---------------------
Parameters for evaluation 17:
                      1.1233680453e+00 desired_speed
                      1.4626334538e-01 radius
                      7.9378919925e-01 time_gap
                      9.8731653833e+00 strength_neighbor
                      2.4927299941e-01 range_neighbor

blocking fork: python3 driver.py params.in results.out

Active response data for evaluation 17:
Active set vector = { 1 1 1 1 1 1 1 1 1 }
                     -1.6030200000e+00 flow_2.4
                     -2.6687300000e+00 density_2.4
                      1.1264000000e-01 speed_2.4
                     -2.2692700000e+00 flow_3.6
                     -2.3015800000e+00 density_3.6
                      1.7414000000e-01 speed_3.6
                     -4.5566200000e+00 flow_5.0
                     -1.7762700000e+00 density_5.0
                      1.1033000000e-01 speed_5.0



---------------------
Begin Evaluation   18
---------------------
Parameters for evaluation 18:
                      9.0936123061e-01 desired_speed
                      1.3076177325e-01 radius
                      8.7125666775e-01 time_gap
                      7.1961124455e+00 strength_neighbor
                      3.5996872053e-02 range_neighbor

blocking fork: python3 driver.py params.in results.out

Active response data for evaluation 18:
Active set vector = { 1 1 1 1 1 1 1 1 1 }
                     -1.0220400000e+00 flow_2.4
                      3.4220000000e-01 density_2.4
                     -8.4810000000e-02 speed_2.4
                     -3.2512800000e+00 flow_3.6
                     -1.5949800000e+00 density_3.6
                     -9.3210000000e-02 speed_3.6
                     -7.6479700000e+00 flow_5.0
                     -2.2709000000e+00 density_5.0
                     -3.2662000000e-01 speed_5.0



---------------------
Begin Evaluation   19
---------------------
Parameters for evaluation 19:
                      1.0043328341e+00 desired_speed
                      2.1674963942e-01 radius
                      6.8120016227e-01 time_gap
                      9.5438083379e+00 strength_neighbor
                      1.9084976635e-01 range_neighbor

blocking fork: python3 driver.py params.in results.out

Active response data for evaluation 19:
Active set vector = { 1 1 1 1 1 1 1 1 1 }
                     -2.8653300000e+00 flow_2.4
                     -2.9325200000e+00 density_2.4
                      3.4690000000e-02 speed_2.4
                     -4.0707700000e+00 flow_3.6
                     -2.5458100000e+00 density_3.6
                      7.5980000000e-02 speed_3.6
                     -7.2142400000e+00 flow_5.0
                     -2.0494200000e+00 density_5.0
                      1.3340000000e-02 speed_5.0



---------------------
Begin Evaluation   20
---------------------
Parameters for evaluation 20:
                      8.4019733793e-01 desired_speed
                      1.8316857702e-01 radius
                      9.3474578813e-01 time_gap
                      2.6475594712e+00 strength_neighbor
                      2.8705482078e-01 range_neighbor

blocking fork: python3 driver.py params.in results.out

Active response data for evaluation 20:
Active set vector = { 1 1 1 1 1 1 1 1 1 }
                     -2.9595600000e+00 flow_2.4
                     -2.1252600000e+00 density_2.4
                     -4.3090000000e-02 speed_2.4
                     -3.5012500000e+00 flow_3.6
                     -1.9318300000e+00 density_3.6
                      1.9420000000e-02 speed_3.6
                     -6.6831400000e+00 flow_5.0
                     -1.4103000000e+00 density_5.0
                     -1.3659000000e-01 speed_5.0



---------------------
Begin Evaluation   21
---------------------
Parameters for evaluation 21:
                      1.5546012071e+00 desired_speed
                      2.4133289504e-01 radius
                      6.5559702268e-01 time_gap
                      8.0974228803e+00 strength_neighbor
                      9.4338849429e-02 range_neighbor

blocking fork: python3 driver.py params.in results.out

Active response data for evaluation 21:
Active set vector = { 1 1 1 1 1 1 1 1 1 }
                     -2.9631400000e+00 flow_2.4
                     -3.0174700000e+00 density_2.4
                      1.8530000000e-02 speed_2.4
                     -4.0883400000e+00 flow_3.6
                     -2.8332300000e+00 density_3.6
                      1.2133000000e-01 speed_3.6
                     -7.9516000000e+00 flow_5.0
                     -2.2532500000e+00 density_5.0
                      1.8740000000e-02 speed_5.0



>>>>> Appending 21 points to global_kriging approximations.

<<<<< global_kriging approximation updates completed.
Constructing global approximations with no anchor, 21 DACE samples, and 0 reused points.

<<<<< global_kriging approximation builds completed.

>>>>> Initiating global iteration 1 (acquisition batch 1)
Beginning Approximate Fn Evaluations...
NCSU DIRECT succeeded with code 1
(maximum function evaluations exceeded)

Results of EGO iteration:
Final point =
                      1.1740283493e+00 desired_speed
                      1.3810013717e-01 radius
                      7.1954732510e-01 time_gap
                      2.6310013717e+00 strength_neighbor
                      1.9187928669e-01 range_neighbor
Expected Improvement    =
                      3.8485925832e+01

---------------------
Begin Evaluation   22
---------------------
Parameters for evaluation 22:
                      1.1740283493e+00 desired_speed
                      1.3810013717e-01 radius
                      7.1954732510e-01 time_gap
                      2.6310013717e+00 strength_neighbor
                      1.9187928669e-01 range_neighbor

blocking fork: python3 driver.py params.in results.out

Active response data for evaluation 22:
Active set vector = { 1 1 1 1 1 1 1 1 1 }
                      2.2087000000e-01 flow_2.4
                      3.2727000000e-01 density_2.4
                     -2.0270000000e-02 speed_2.4
                      3.2137000000e-01 flow_3.6
                     -2.1555000000e-01 density_3.6
                      1.7280000000e-02 speed_3.6
                     -1.4795600000e+00 flow_5.0
                     -2.0966000000e-01 density_5.0
                     -6.2610000000e-02 speed_5.0



>>>>> Appending to global_kriging approximations.

<<<<< global_kriging approximation updates completed.

>>>>> Initiating global iteration 2 (acquisition batch 1)
NCSU DIRECT succeeded with code 4
(volume of best hyperrectangle is less than the prescribed percentage of the original)

Results of EGO iteration:
Final point =
                      8.8894985520e-01 desired_speed
                      1.3447416552e-01 radius
                      4.2242798354e-01 time_gap
                      6.4426154550e+00 strength_neighbor
                      1.6153635117e-01 range_neighbor
Expected Improvement    =
                      2.6069806553e-03

---------------------
Begin Evaluation   23
---------------------
Parameters for evaluation 23:
                      8.8894985520e-01 desired_speed
                      1.3447416552e-01 radius
                      4.2242798354e-01 time_gap
                      6.4426154550e+00 strength_neighbor
                      1.6153635117e-01 range_neighbor

blocking fork: python3 driver.py params.in results.out

Active response data for evaluation 23:
Active set vector = { 1 1 1 1 1 1 1 1 1 }
                      1.9281900000e+00 flow_2.4
                      1.2030000000e-01 density_2.4
                      8.0510000000e-02 speed_2.4
                      3.5973800000e+00 flow_3.6
                      1.2600000000e-02 density_3.6
                      1.7149000000e-01 speed_3.6
                      3.4373900000e+00 flow_5.0
                      2.5677000000e-01 density_5.0
                      9.0520000000e-02 speed_5.0



>>>>> Appending to global_kriging approximations.

<<<<< global_kriging approximation updates completed.

>>>>> Initiating global iteration 3 (acquisition batch 1)
NCSU DIRECT succeeded with code 4
(volume of best hyperrectangle is less than the prescribed percentage of the original)

Results of EGO iteration:
Final point =
                      1.3631458619e+00 desired_speed
                      1.4107224508e-01 radius
                      8.8580246914e-01 time_gap
                      7.3339429965e+00 strength_neighbor
                      1.7549154092e-01 range_neighbor
Expected Improvement    =
                      6.1542668279e-52

---------------------
Begin Evaluation   24
---------------------
Parameters for evaluation 24:
                      1.3631458619e+00 desired_speed
                      1.4107224508e-01 radius
                      8.8580246914e-01 time_gap
                      7.3339429965e+00 strength_neighbor
                      1.7549154092e-01 range_neighbor

blocking fork: python3 driver.py params.in results.out

Active response data for evaluation 24:
Active set vector = { 1 1 1 1 1 1 1 1 1 }
                     -1.2118700000e+00 flow_2.4
                     -8.6489000000e-01 density_2.4
                     -4.3840000000e-02 speed_2.4
                     -2.1438500000e+00 flow_3.6
                     -8.7885000000e-01 density_3.6
                     -6.4050000000e-02 speed_3.6
                     -4.7424000000e+00 flow_5.0
                     -7.1365000000e-01 density_5.0
                     -1.6520000000e-01 speed_5.0



>>>>> Appending to global_kriging approximations.

<<<<< global_kriging approximation updates completed.

>>>>> Initiating global iteration 4 (acquisition batch 1)
NCSU DIRECT succeeded with code 4
(volume of best hyperrectangle is less than the prescribed percentage of the original)

Results of EGO iteration:
Final point =
                      1.2998628258e+00 desired_speed
                      1.4160722451e-01 radius
                      6.6659807956e-01 time_gap
                      5.5573845450e+00 strength_neighbor
                      1.6166438043e-01 range_neighbor
Expected Improvement    =
                      2.8434124003e-01

---------------------
Begin Evaluation   25
---------------------
Parameters for evaluation 25:
                      1.2998628258e+00 desired_speed
                      1.4160722451e-01 radius
                      6.6659807956e-01 time_gap
                      5.5573845450e+00 strength_neighbor
                      1.6166438043e-01 range_neighbor

blocking fork: python3 driver.py params.in results.out

Active response data for evaluation 25:
Active set vector = { 1 1 1 1 1 1 1 1 1 }
                     -4.6750000000e-02 flow_2.4
                     -7.9400000000e-02 density_2.4
                     -1.6840000000e-02 speed_2.4
                      9.5400000000e-03 flow_3.6
                     -3.4040000000e-01 density_3.6
                      6.0400000000e-03 speed_3.6
                     -1.9107400000e+00 flow_5.0
                     -2.3068000000e-01 density_5.0
                     -9.7170000000e-02 speed_5.0



>>>>> Appending to global_kriging approximations.

<<<<< global_kriging approximation updates completed.

>>>>> Initiating global iteration 5 (acquisition batch 1)
NCSU DIRECT succeeded with code 4
(volume of best hyperrectangle is less than the prescribed percentage of the original)

Results of EGO iteration:
Final point =
                      1.1908550526e+00 desired_speed
                      1.4087410456e-01 radius
                      6.6646090535e-01 time_gap
                      4.6684956561e+00 strength_neighbor
                      1.8240512117e-01 range_neighbor
Expected Improvement    =
                      2.1876314014e+00

---------------------
Begin Evaluation   26
---------------------
Parameters for evaluation 26:
                      1.1908550526e+00 desired_speed
                      1.4087410456e-01 radius
                      6.6646090535e-01 time_gap
                      4.6684956561e+00 strength_neighbor
                      1.8240512117e-01 range_neighbor

blocking fork: python3 driver.py params.in results.out

Active response data for evaluation 26:
Active set vector = { 1 1 1 1 1 1 1 1 1 }
                      1.8235000000e-01 flow_2.4
                     -1.4872000000e-01 density_2.4
                      2.2800000000e-03 speed_2.4
                      2.6543000000e-01 flow_3.6
                     -4.1533000000e-01 density_3.6
                      3.4630000000e-02 speed_3.6
                     -1.4634700000e+00 flow_5.0
                     -2.9960000000e-01 density_5.0
                     -5.8180000000e-02 speed_5.0



>>>>> Appending to global_kriging approximations.

<<<<< global_kriging approximation updates completed.

>>>>> Initiating global iteration 6 (acquisition batch 1)
NCSU DIRECT succeeded with code 4
(volume of best hyperrectangle is less than the prescribed percentage of the original)

Results of EGO iteration:
Final point =
                      1.2442615455e+00 desired_speed
                      1.3798125286e-01 radius
                      6.4958847737e-01 time_gap
                      7.3327236702e+00 strength_neighbor
                      1.5270233196e-01 range_neighbor
Expected Improvement    =
                      2.1456697856e+00

---------------------
Begin Evaluation   27
---------------------
Parameters for evaluation 27:
                      1.2442615455e+00 desired_speed
                      1.3798125286e-01 radius
                      6.4958847737e-01 time_gap
                      7.3327236702e+00 strength_neighbor
                      1.5270233196e-01 range_neighbor

blocking fork: python3 driver.py params.in results.out

Active response data for evaluation 27:
Active set vector = { 1 1 1 1 1 1 1 1 1 }
                      1.0935000000e-01 flow_2.4
                     -2.2782000000e-01 density_2.4
                     -1.1400000000e-03 speed_2.4
                     -1.0186000000e-01 flow_3.6
                     -3.5306000000e-01 density_3.6
                      7.8000000000e-03 speed_3.6
                     -2.0679900000e+00 flow_5.0
                     -1.0612000000e-01 density_5.0
                     -1.2400000000e-01 speed_5.0



>>>>> Appending to global_kriging approximations.

<<<<< global_kriging approximation updates completed.

>>>>> Initiating global iteration 7 (acquisition batch 1)
NCSU DIRECT succeeded with code 4
(volume of best hyperrectangle is less than the prescribed percentage of the original)

Results of EGO iteration:
Final point =
                      1.3925316263e+00 desired_speed
                      1.4142889803e-01 radius
                      6.6275720165e-01 time_gap
                      4.6684956561e+00 strength_neighbor
                      1.7395518976e-01 range_neighbor
Expected Improvement    =
                      3.4818081431e+00

---------------------
Begin Evaluation   28
---------------------
Parameters for evaluation 28:
                      1.3925316263e+00 desired_speed
                      1.4142889803e-01 radius
                      6.6275720165e-01 time_gap
                      4.6684956561e+00 strength_neighbor
                      1.7395518976e-01 range_neighbor

blocking fork: python3 driver.py params.in results.out

Active response data for evaluation 28:
Active set vector = { 1 1 1 1 1 1 1 1 1 }
                      3.8322000000e-01 flow_2.4
                     -1.3697000000e-01 density_2.4
                      6.4100000000e-03 speed_2.4
                      5.5411000000e-01 flow_3.6
                     -4.6926000000e-01 density_3.6
                      4.3450000000e-02 speed_3.6
                     -1.9883700000e+00 flow_5.0
                     -1.4105000000e-01 density_5.0
                     -1.0467000000e-01 speed_5.0



>>>>> Appending to global_kriging approximations.

<<<<< global_kriging approximation updates completed.

>>>>> Initiating global iteration 8 (acquisition batch 1)
NCSU DIRECT succeeded with code 4
(volume of best hyperrectangle is less than the prescribed percentage of the original)

Results of EGO iteration:
Final point =
                      1.1656149977e+00 desired_speed
                      1.4035893919e-01 radius
                      6.6646090535e-01 time_gap
                      4.9647919524e+00 strength_neighbor
                      1.6516384697e-01 range_neighbor
Expected Improvement    =
                      2.9707467433e-01

---------------------
Begin Evaluation   29
---------------------
Parameters for evaluation 29:
                      1.1656149977e+00 desired_speed
                      1.4035893919e-01 radius
                      6.6646090535e-01 time_gap
                      4.9647919524e+00 strength_neighbor
                      1.6516384697e-01 range_neighbor

blocking fork: python3 driver.py params.in results.out

Active response data for evaluation 29:
Active set vector = { 1 1 1 1 1 1 1 1 1 }
                      4.3960000000e-02 flow_2.4
                      5.5750000000e-02 density_2.4
                     -2.1240000000e-02 speed_2.4
                      5.2290000000e-02 flow_3.6
                     -2.2073000000e-01 density_3.6
                      4.3100000000e-03 speed_3.6
                     -1.7084200000e+00 flow_5.0
                     -1.6028000000e-01 density_5.0
                     -1.0332000000e-01 speed_5.0



>>>>> Appending to global_kriging approximations.

<<<<< global_kriging approximation updates completed.

>>>>> Initiating global iteration 9 (acquisition batch 1)
NCSU DIRECT succeeded with code 4
(volume of best hyperrectangle is less than the prescribed percentage of the original)

Results of EGO iteration:
Final point =
                      1.2237768633e+00 desired_speed
                      1.4196387746e-01 radius
                      6.5164609053e-01 time_gap
                      4.5697302241e+00 strength_neighbor
                      1.7092516385e-01 range_neighbor
Expected Improvement    =
                      4.0509623059e-01

---------------------
Begin Evaluation   30
---------------------
Parameters for evaluation 30:
                      1.2237768633e+00 desired_speed
                      1.4196387746e-01 radius
                      6.5164609053e-01 time_gap
                      4.5697302241e+00 strength_neighbor
                      1.7092516385e-01 range_neighbor

blocking fork: python3 driver.py params.in results.out

Active response data for evaluation 30:
Active set vector = { 1 1 1 1 1 1 1 1 1 }
                      2.9804000000e-01 flow_2.4
                     -2.7590000000e-02 density_2.4
                     -1.3100000000e-03 speed_2.4
                      3.6474000000e-01 flow_3.6
                     -3.9334000000e-01 density_3.6
                      3.6470000000e-02 speed_3.6
                     -1.4574400000e+00 flow_5.0
                     -2.7236000000e-01 density_5.0
                     -4.9050000000e-02 speed_5.0



>>>>> Appending to global_kriging approximations.

<<<<< global_kriging approximation updates completed.

>>>>> Initiating global iteration 10 (acquisition batch 1)
NCSU DIRECT succeeded with code 4
(volume of best hyperrectangle is less than the prescribed percentage of the original)

Results of EGO iteration:
Final point =
                      8.0018289895e-01 desired_speed
                      1.4885916781e-01 radius
                      5.3340192044e-01 time_gap
                      4.9647919524e+00 strength_neighbor
                      1.4438042981e-01 range_neighbor
Expected Improvement    =
                      9.0685346792e-19

---------------------
Begin Evaluation   31
---------------------
Parameters for evaluation 31:
                      8.0018289895e-01 desired_speed
                      1.4885916781e-01 radius
                      5.3340192044e-01 time_gap
                      4.9647919524e+00 strength_neighbor
                      1.4438042981e-01 range_neighbor

blocking fork: python3 driver.py params.in results.out

Active response data for evaluation 31:
Active set vector = { 1 1 1 1 1 1 1 1 1 }
                     -2.1110000000e-01 flow_2.4
                      3.5085000000e-01 density_2.4
                     -3.0330000000e-02 speed_2.4
                      2.9765000000e-01 flow_3.6
                     -4.1940000000e-02 density_3.6
                      2.2730000000e-02 speed_3.6
                     -6.9948000000e-01 flow_5.0
                     -4.1860000000e-02 density_5.0
                     -1.1730000000e-02 speed_5.0



>>>>> Appending to global_kriging approximations.

<<<<< global_kriging approximation updates completed.

>>>>> Initiating global iteration 11 (acquisition batch 1)
NCSU DIRECT succeeded with code 4
(volume of best hyperrectangle is less than the prescribed percentage of the original)

Results of EGO iteration:
Final point =
                      8.0018289895e-01 desired_speed
                      1.5426840421e-01 radius
                      5.1090534979e-01 time_gap
                      3.1845755220e+00 strength_neighbor
                      2.0314586191e-01 range_neighbor
Expected Improvement    =
                      1.0419674860e+00

---------------------
Begin Evaluation   32
---------------------
Parameters for evaluation 32:
                      8.0018289895e-01 desired_speed
                      1.5426840421e-01 radius
                      5.1090534979e-01 time_gap
                      3.1845755220e+00 strength_neighbor
                      2.0314586191e-01 range_neighbor

blocking fork: python3 driver.py params.in results.out

Active response data for evaluation 32:
Active set vector = { 1 1 1 1 1 1 1 1 1 }
                     -7.0710000000e-02 flow_2.4
                     -2.6902000000e-01 density_2.4
                      1.2820000000e-02 speed_2.4
                      3.6172000000e-01 flow_3.6
                     -2.8060000000e-01 density_3.6
                      6.0480000000e-02 speed_3.6
                     -6.3169000000e-01 flow_5.0
                     -1.3910000000e-01 density_5.0
                      1.4150000000e-02 speed_5.0



>>>>> Appending to global_kriging approximations.

<<<<< global_kriging approximation updates completed.

>>>>> Initiating global iteration 12 (acquisition batch 1)
NCSU DIRECT succeeded with code 4
(volume of best hyperrectangle is less than the prescribed percentage of the original)

Results of EGO iteration:
Final point =
                      1.1989026063e+00 desired_speed
                      1.2930269776e-01 radius
                      8.3353909465e-01 time_gap
                      2.8894985520e+00 strength_neighbor
                      2.3092821216e-01 range_neighbor
Expected Improvement    =
                      1.2013382441e-93

---------------------
Begin Evaluation   33
---------------------
Parameters for evaluation 33:
                      1.1989026063e+00 desired_speed
                      1.2930269776e-01 radius
                      8.3353909465e-01 time_gap
                      2.8894985520e+00 strength_neighbor
                      2.3092821216e-01 range_neighbor

blocking fork: python3 driver.py params.in results.out

Active response data for evaluation 33:
Active set vector = { 1 1 1 1 1 1 1 1 1 }
                     -1.7296000000e-01 flow_2.4
                      1.3014000000e-01 density_2.4
                     -2.8450000000e-02 speed_2.4
                     -4.5922000000e-01 flow_3.6
                     -6.6060000000e-02 density_3.6
                     -4.5750000000e-02 speed_3.6
                     -2.2176700000e+00 flow_5.0
                     -1.0241000000e-01 density_5.0
                     -1.2974000000e-01 speed_5.0



>>>>> Appending to global_kriging approximations.

<<<<< global_kriging approximation updates completed.

>>>>> Initiating global iteration 13 (acquisition batch 1)
NCSU DIRECT succeeded with code 4
(volume of best hyperrectangle is less than the prescribed percentage of the original)

Results of EGO iteration:
Final point =
                      8.0054869684e-01 desired_speed
                      1.5444673068e-01 radius
                      4.6604938272e-01 time_gap
                      2.8870598994e+00 strength_neighbor
                      1.4442310623e-01 range_neighbor
Expected Improvement    =
                      9.3823362587e-02

---------------------
Begin Evaluation   34
---------------------
Parameters for evaluation 34:
                      8.0054869684e-01 desired_speed
                      1.5444673068e-01 radius
                      4.6604938272e-01 time_gap
                      2.8870598994e+00 strength_neighbor
                      1.4442310623e-01 range_neighbor

blocking fork: python3 driver.py params.in results.out

Active response data for evaluation 34:
Active set vector = { 1 1 1 1 1 1 1 1 1 }
                      4.3432000000e-01 flow_2.4
                      2.8637000000e-01 density_2.4
                      5.2000000000e-03 speed_2.4
                      1.1271100000e+00 flow_3.6
                     -1.2420000000e-02 density_3.6
                      8.0960000000e-02 speed_3.6
                     -6.2653000000e-01 flow_5.0
                     -1.0949000000e-01 density_5.0
                     -3.7560000000e-02 speed_5.0



>>>>> Appending to global_kriging approximations.

<<<<< global_kriging approximation updates completed.

>>>>> Initiating global iteration 14 (acquisition batch 1)
NCSU DIRECT succeeded with code 4
(volume of best hyperrectangle is less than the prescribed percentage of the original)

Results of EGO iteration:
Final point =
                      8.0006096632e-01 desired_speed
                      1.4059670782e-01 radius
                      5.6069958848e-01 time_gap
                      6.0512117055e+00 strength_neighbor
                      1.5475080018e-01 range_neighbor
Expected Improvement    =
                      1.9491838435e+00

---------------------
Begin Evaluation   35
---------------------
Parameters for evaluation 35:
                      8.0006096632e-01 desired_speed
                      1.4059670782e-01 radius
                      5.6069958848e-01 time_gap
                      6.0512117055e+00 strength_neighbor
                      1.5475080018e-01 range_neighbor

blocking fork: python3 driver.py params.in results.out

Active response data for evaluation 35:
Active set vector = { 1 1 1 1 1 1 1 1 1 }
                      4.3560000000e-02 flow_2.4
                      1.9656000000e-01 density_2.4
                     -1.7190000000e-02 speed_2.4
                      4.3698000000e-01 flow_3.6
                     -3.7300000000e-03 density_3.6
                      2.9320000000e-02 speed_3.6
                     -5.3472000000e-01 flow_5.0
                      3.3580000000e-02 density_5.0
                     -3.4740000000e-02 speed_5.0



>>>>> Appending to global_kriging approximations.

<<<<< global_kriging approximation updates completed.

>>>>> Initiating global iteration 15 (acquisition batch 1)
NCSU DIRECT succeeded with code 4
(volume of best hyperrectangle is less than the prescribed percentage of the original)

Results of EGO iteration:
Final point =
                      8.0006096632e-01 desired_speed
                      1.4463877458e-01 radius
                      5.5164609053e-01 time_gap
                      5.6415180613e+00 strength_neighbor
                      1.7433927755e-01 range_neighbor
Expected Improvement    =
                      9.5759010129e-01

---------------------
Begin Evaluation   36
---------------------
Parameters for evaluation 36:
                      8.0006096632e-01 desired_speed
                      1.4463877458e-01 radius
                      5.5164609053e-01 time_gap
                      5.6415180613e+00 strength_neighbor
                      1.7433927755e-01 range_neighbor

blocking fork: python3 driver.py params.in results.out

Active response data for evaluation 36:
Active set vector = { 1 1 1 1 1 1 1 1 1 }
                     -1.6691000000e-01 flow_2.4
                     -2.5882000000e-01 density_2.4
                     -2.7400000000e-03 speed_2.4
                      6.9493000000e-01 flow_3.6
                     -3.5457000000e-01 density_3.6
                      8.0700000000e-02 speed_3.6
                     -7.5358000000e-01 flow_5.0
                     -1.8367000000e-01 density_5.0
                      1.8700000000e-02 speed_5.0



>>>>> Appending to global_kriging approximations.

<<<<< global_kriging approximation updates completed.

>>>>> Initiating global iteration 16 (acquisition batch 1)
NCSU DIRECT succeeded with code 4
(volume of best hyperrectangle is less than the prescribed percentage of the original)

Results of EGO iteration:
Final point =
                      8.0018289895e-01 desired_speed
                      1.4350937357e-01 radius
                      5.4094650206e-01 time_gap
                      6.4426154550e+00 strength_neighbor
                      1.4446578266e-01 range_neighbor
Expected Improvement    =
                      9.9180976638e-01

---------------------
Begin Evaluation   37
---------------------
Parameters for evaluation 37:
                      8.0018289895e-01 desired_speed
                      1.4350937357e-01 radius
                      5.4094650206e-01 time_gap
                      6.4426154550e+00 strength_neighbor
                      1.4446578266e-01 range_neighbor

blocking fork: python3 driver.py params.in results.out

Active response data for evaluation 37:
Active set vector = { 1 1 1 1 1 1 1 1 1 }
                     -2.9400000000e-02 flow_2.4
                      1.7938000000e-01 density_2.4
                     -1.9330000000e-02 speed_2.4
                      4.2001000000e-01 flow_3.6
                     -3.1820000000e-02 density_3.6
                      2.9880000000e-02 speed_3.6
                     -6.9644000000e-01 flow_5.0
                      4.2220000000e-02 density_5.0
                     -2.9520000000e-02 speed_5.0



>>>>> Appending to global_kriging approximations.

<<<<< global_kriging approximation updates completed.

>>>>> Initiating global iteration 17 (acquisition batch 1)
NCSU DIRECT succeeded with code 4
(volume of best hyperrectangle is less than the prescribed percentage of the original)

Results of EGO iteration:
Final point =
                      8.2981252858e-01 desired_speed
                      1.4245922878e-01 radius
                      5.4506172840e-01 time_gap
                      6.4462734339e+00 strength_neighbor
                      1.3900320073e-01 range_neighbor
Expected Improvement    =
                      1.0982836082e-03

---------------------
Begin Evaluation   38
---------------------
Parameters for evaluation 38:
                      8.2981252858e-01 desired_speed
                      1.4245922878e-01 radius
                      5.4506172840e-01 time_gap
                      6.4462734339e+00 strength_neighbor
                      1.3900320073e-01 range_neighbor

blocking fork: python3 driver.py params.in results.out

Active response data for evaluation 38:
Active set vector = { 1 1 1 1 1 1 1 1 1 }
                      1.3979000000e-01 flow_2.4
                      3.1514000000e-01 density_2.4
                     -2.1840000000e-02 speed_2.4
                      5.4694000000e-01 flow_3.6
                     -2.1070000000e-02 density_3.6
                      3.0120000000e-02 speed_3.6
                     -4.6789000000e-01 flow_5.0
                     -3.2500000000e-02 density_5.0
                     -1.5490000000e-02 speed_5.0



>>>>> Appending to global_kriging approximations.

<<<<< global_kriging approximation updates completed.

>>>>> Initiating global iteration 18 (acquisition batch 1)
NCSU DIRECT succeeded with code 4
(volume of best hyperrectangle is less than the prescribed percentage of the original)

Results of EGO iteration:
Final point =
                      8.0969364426e-01 desired_speed
                      1.4142889803e-01 radius
                      6.0596707819e-01 time_gap
                      2.5919829294e+00 strength_neighbor
                      2.4821216278e-01 range_neighbor
Expected Improvement    =
                      5.5112761259e-07

---------------------
Begin Evaluation   39
---------------------
Parameters for evaluation 39:
                      8.0969364426e-01 desired_speed
                      1.4142889803e-01 radius
                      6.0596707819e-01 time_gap
                      2.5919829294e+00 strength_neighbor
                      2.4821216278e-01 range_neighbor

blocking fork: python3 driver.py params.in results.out

Active response data for evaluation 39:
Active set vector = { 1 1 1 1 1 1 1 1 1 }
                     -3.0733000000e-01 flow_2.4
                     -7.8370000000e-02 density_2.4
                     -1.2000000000e-04 speed_2.4
                      4.1382000000e-01 flow_3.6
                     -2.8760000000e-01 density_3.6
                      7.7900000000e-02 speed_3.6
                      4.7780000000e-02 flow_5.0
                     -1.2953000000e-01 density_5.0
                      2.5470000000e-02 speed_5.0



>>>>> Appending to global_kriging approximations.

<<<<< global_kriging approximation updates completed.

>>>>> Initiating global iteration 19 (acquisition batch 1)
NCSU DIRECT succeeded with code 4
(volume of best hyperrectangle is less than the prescribed percentage of the original)

Results of EGO iteration:
Final point =
                      9.4820911446e-01 desired_speed
                      1.3946730681e-01 radius
                      6.4958847737e-01 time_gap
                      2.4919981710e+00 strength_neighbor
                      2.2529492455e-01 range_neighbor
Expected Improvement    =
                      1.1775624973e+00

---------------------
Begin Evaluation   40
---------------------
Parameters for evaluation 40:
                      9.4820911446e-01 desired_speed
                      1.3946730681e-01 radius
                      6.4958847737e-01 time_gap
                      2.4919981710e+00 strength_neighbor
                      2.2529492455e-01 range_neighbor

blocking fork: python3 driver.py params.in results.out

Active response data for evaluation 40:
Active set vector = { 1 1 1 1 1 1 1 1 1 }
                      1.1369000000e-01 flow_2.4
                      1.3883000000e-01 density_2.4
                      4.0700000000e-03 speed_2.4
                      7.8394000000e-01 flow_3.6
                     -1.2486000000e-01 density_3.6
                      3.9710000000e-02 speed_3.6
                     -8.8700000000e-01 flow_5.0
                      1.5000000000e-03 density_5.0
                     -7.5670000000e-02 speed_5.0



>>>>> Appending to global_kriging approximations.

<<<<< global_kriging approximation updates completed.

>>>>> Initiating global iteration 20 (acquisition batch 1)
NCSU DIRECT succeeded with code 2
(maximum iterations reached)

Results of EGO iteration:
Final point =
                      1.2000000000e+00 desired_speed
                      1.8500000000e-01 radius
                      5.5000000000e-01 time_gap
                      6.0000000000e+00 strength_neighbor
                      1.6000000000e-01 range_neighbor
Expected Improvement    =
                      0.0000000000e+00

---------------------
Begin Evaluation   41
---------------------
Parameters for evaluation 41:
                      1.2000000000e+00 desired_speed
                      1.8500000000e-01 radius
                      5.5000000000e-01 time_gap
                      6.0000000000e+00 strength_neighbor
                      1.6000000000e-01 range_neighbor

blocking fork: python3 driver.py params.in results.out

Active response data for evaluation 41:
Active set vector = { 1 1 1 1 1 1 1 1 1 }
                     -1.0644300000e+00 flow_2.4
                     -1.6848500000e+00 density_2.4
                      4.2320000000e-02 speed_2.4
                     -1.3706400000e+00 flow_3.6
                     -1.5689600000e+00 density_3.6
                      9.9390000000e-02 speed_3.6
                     -3.1545500000e+00 flow_5.0
                     -1.2860600000e+00 density_5.0
                      9.5750000000e-02 speed_5.0



>>>>> Appending to global_kriging approximations.

<<<<< global_kriging approximation updates completed.

>>>>> Initiating global iteration 21 (acquisition batch 1)
NCSU DIRECT succeeded with code 4
(volume of best hyperrectangle is less than the prescribed percentage of the original)

Results of EGO iteration:
Final point =
                      1.4553269319e+00 desired_speed
                      1.2490397805e-01 radius
                      7.5370370370e-01 time_gap
                      8.4191434233e+00 strength_neighbor
                      1.7037037037e-01 range_neighbor
Expected Improvement    =
                      1.3596916283e-85

---------------------
Begin Evaluation   42
---------------------
Parameters for evaluation 42:
                      1.4553269319e+00 desired_speed
                      1.2490397805e-01 radius
                      7.5370370370e-01 time_gap
                      8.4191434233e+00 strength_neighbor
                      1.7037037037e-01 range_neighbor

blocking fork: python3 driver.py params.in results.out

Active response data for evaluation 42:
Active set vector = { 1 1 1 1 1 1 1 1 1 }
                      1.3937000000e-01 flow_2.4
                     -5.5188000000e-01 density_2.4
                      1.4300000000e-02 speed_2.4
                     -8.7500000000e-02 flow_3.6
                     -4.6423000000e-01 density_3.6
                      3.9900000000e-03 speed_3.6
                     -2.1453900000e+00 flow_5.0
                     -2.9831000000e-01 density_5.0
                     -1.0840000000e-01 speed_5.0



>>>>> Appending to global_kriging approximations.

<<<<< global_kriging approximation updates completed.

Stopping criteria not met: distConvergenceCntr (0) < distConvergenceLimit (1)
Stopping criteria met:     eifConvergenceCntr (2) >= eifConvergenceLimit (2)
Stopping criteria not met: globalIterCount (21) < maxIterations (60)
<<<<< Function evaluation summary: 42 total (42 new, 0 duplicate)
<<<<< Best parameters          =
                      8.0006096632e-01 desired_speed
                      1.4059670782e-01 radius
                      5.6069958848e-01 time_gap
                      6.0512117055e+00 strength_neighbor
                      1.5475080018e-01 range_neighbor
<<<<< Best residual terms =
                      4.3560000000e-02
                      1.9656000000e-01
                     -1.7190000000e-02
                      4.3698000000e-01
                     -3.7300000000e-03
                      2.9320000000e-02
                     -5.3472000000e-01
                      3.3580000000e-02
                     -3.4740000000e-02
<<<<< Best residual norm =  7.2174362581e-01; 0.5 * norm^2 =  2.6045693070e-01
<<<<< Best evaluation ID: 35


<<<<< Iterator efficient_global completed.
<<<<< Environment execution completed.
DAKOTA execution time in seconds:
  Total CPU        =    6.67261 [parent =    6.67265, child =   -4.6e-05]
  Total wall clock =    493.544
