Dakota version 6.24 released May 15 2026.
Repository revision 1ab1c9924 (2026-05-11) built May 11 2026 11:08:44.
Running MPI Dakota executable in serial mode.
Start time: Sat Sep  5 11:25:37 2026

------------------
Begin Dakota input
------------------
# Calibration of the CFSM on the Hermes bottleneck runs b = 2.4, 3.6, 5.0 m
# (b = 3.0 and 4.4 held out for validation). Residuals = sim - experiment for
# flow, density, speed per width; 2 seeds averaged. Weights = 1/sigma^2 with
# sigma = 6 % of J, 10 % of rho, 10 % of v (measurement + seed noise).
# Run:  HERMES_RESIDUALS=1 JPS_N_SEEDS=2 HERMES_WIDTHS=2.4,3.6,5.0 dakota -i dakota.in -o dakota.out

environment
  tabular_data
    tabular_data_file = 'calib_history.dat'

method
  efficient_global
    seed = 5
    max_iterations = 60
    convergence_tolerance = 1.e-4

variables
  continuous_design = 5
    descriptors    'desired_speed' 'radius' 'time_gap' 'strength_neighbor' 'range_neighbor'
    initial_point   1.2   0.20  0.50   8.0   0.10
    lower_bounds    0.8   0.12  0.10   2.0   0.02
    upper_bounds    1.6   0.25  1.00  10.0   0.30

interface
  fork
    analysis_drivers = 'python3 driver.py'
    parameters_file  = 'params.in'
    results_file     = 'results.out'
    work_directory named 'runs/run' directory_tag
    link_files = '../driver.py' '../observables.py' '../scenario.py' '../exp_observables.json'
  asynchronous evaluation_concurrency = 1

responses
  calibration_terms = 9
    descriptors 'flow_2.4' 'density_2.4' 'speed_2.4' 'flow_3.6' 'density_3.6' 'speed_3.6' 'flow_5.0' 'density_5.0' 'speed_5.0'
    weights = 7.6 3.2 977   3.4 4.3 517   1.45 6.0 252
  no_gradients
  no_hessians

----------------
End Dakota input
----------------

Using Dakota parser: standard
Writing new restart file 'dakota.rst'.

>>>>> Executing environment.

>>>>> Running efficient_global iterator.

>>>>> Building global_kriging approximations.

NonD lhs Samples = 21 Seed (user-specified) = 5

---------------------
Begin Evaluation    1
---------------------
Parameters for evaluation 1:
                      1.0635661297e+00 desired_speed
                      2.2882756739e-01 radius
                      2.3257270150e-01 time_gap
                      5.1878713141e+00 strength_neighbor
                      2.1395275329e-01 range_neighbor

blocking fork: python3 driver.py params.in results.out

Active response data for evaluation 1:
Active set vector = { 1 1 1 1 1 1 1 1 1 }
                     -9.4783000000e-01 flow_2.4
                     -2.5364900000e+00 density_2.4
                      1.9813000000e-01 speed_2.4
                     -8.8522000000e-01 flow_3.6
                     -2.0900300000e+00 density_3.6
                      3.0747000000e-01 speed_3.6
                     -2.3090300000e+00 flow_5.0
                     -1.4954600000e+00 density_5.0
                      2.6379000000e-01 speed_5.0



---------------------
Begin Evaluation    2
---------------------
Parameters for evaluation 2:
                      1.2341613945e+00 desired_speed
                      2.3447512760e-01 radius
                      8.7247028115e-01 time_gap
                      3.7585237456e+00 strength_neighbor
                      1.9788702777e-01 range_neighbor

blocking fork: python3 driver.py params.in results.out

Active response data for evaluation 2:
Active set vector = { 1 1 1 1 1 1 1 1 1 }
                     -3.3204600000e+00 flow_2.4
                     -3.0331300000e+00 density_2.4
                     -9.6600000000e-03 speed_2.4
                     -4.7499500000e+00 flow_3.6
                     -2.7910200000e+00 density_3.6
                      4.8380000000e-02 speed_3.6
                     -8.3004900000e+00 flow_5.0
                     -2.2531700000e+00 density_5.0
                     -7.0740000000e-02 speed_5.0



---------------------
Begin Evaluation    3
---------------------
Parameters for evaluation 3:
                      1.3530825901e+00 desired_speed
                      1.9502297127e-01 radius
                      5.3566912236e-01 time_gap
                      9.1316417423e+00 strength_neighbor
                      2.2811603445e-01 range_neighbor

blocking fork: python3 driver.py params.in results.out

Active response data for evaluation 3:
Active set vector = { 1 1 1 1 1 1 1 1 1 }
                     -1.3885600000e+00 flow_2.4
                     -2.8243700000e+00 density_2.4
                      1.8130000000e-01 speed_2.4
                     -1.7583000000e+00 flow_3.6
                     -2.4515500000e+00 density_3.6
                      3.0516000000e-01 speed_3.6
                     -3.8054700000e+00 flow_5.0
                     -1.9407200000e+00 density_5.0
                      2.9618000000e-01 speed_5.0



---------------------
Begin Evaluation    4
---------------------
Parameters for evaluation 4:
                      1.4928655705e+00 desired_speed
                      2.0230906625e-01 radius
                      1.1139224807e-01 time_gap
                      4.8867287095e+00 strength_neighbor
                      1.4086009196e-01 range_neighbor

blocking fork: python3 driver.py params.in results.out

Active response data for evaluation 4:
Active set vector = { 1 1 1 1 1 1 1 1 1 }
                      3.9910400000e+00 flow_2.4
                     -1.3354400000e+00 density_2.4
                      3.9043000000e-01 speed_2.4
                      7.2443800000e+00 flow_3.6
                     -1.0334700000e+00 density_3.6
                      6.1603000000e-01 speed_3.6
                      9.0962300000e+00 flow_5.0
                     -5.3983000000e-01 density_5.0
                      6.3796000000e-01 speed_5.0



---------------------
Begin Evaluation    5
---------------------
Parameters for evaluation 5:
                      1.5649806198e+00 desired_speed
                      2.2228941845e-01 radius
                      7.4673780120e-01 time_gap
                      6.3868467072e+00 strength_neighbor
                      2.6646574772e-01 range_neighbor

blocking fork: python3 driver.py params.in results.out

Active response data for evaluation 5:
Active set vector = { 1 1 1 1 1 1 1 1 1 }
                     -2.5692700000e+00 flow_2.4
                     -3.1753000000e+00 density_2.4
                      1.0248000000e-01 speed_2.4
                     -3.7541700000e+00 flow_3.6
                     -2.7719100000e+00 density_3.6
                      1.5230000000e-01 speed_3.6
                     -6.6500600000e+00 flow_5.0
                     -2.2996500000e+00 density_5.0
                      1.0352000000e-01 speed_5.0



---------------------
Begin Evaluation    6
---------------------
Parameters for evaluation 6:
                      1.2863202994e+00 desired_speed
                      1.5193239440e-01 radius
                      3.4970946796e-01 time_gap
                      4.5002619068e+00 strength_neighbor
                      2.7495397959e-01 range_neighbor

blocking fork: python3 driver.py params.in results.out

Active response data for evaluation 6:
Active set vector = { 1 1 1 1 1 1 1 1 1 }
                      2.2853900000e+00 flow_2.4
                     -1.6822200000e+00 density_2.4
                      2.9520000000e-01 speed_2.4
                      4.2156700000e+00 flow_3.6
                     -1.4112200000e+00 density_3.6
                      4.6714000000e-01 speed_3.6
                      4.7823100000e+00 flow_5.0
                     -9.3920000000e-01 density_5.0
                      4.6658000000e-01 speed_5.0



---------------------
Begin Evaluation    7
---------------------
Parameters for evaluation 7:
                      1.2042569090e+00 desired_speed
                      1.7741101145e-01 radius
                      5.2396047225e-01 time_gap
                      6.0727356937e+00 strength_neighbor
                      1.2106295198e-01 range_neighbor

blocking fork: python3 driver.py params.in results.out

Active response data for evaluation 7:
Active set vector = { 1 1 1 1 1 1 1 1 1 }
                     -6.6273000000e-01 flow_2.4
                     -1.1581700000e+00 density_2.4
                      2.4900000000e-02 speed_2.4
                     -9.9398000000e-01 flow_3.6
                     -1.2163000000e+00 density_3.6
                      7.7320000000e-02 speed_3.6
                     -3.2539700000e+00 flow_5.0
                     -1.0206800000e+00 density_5.0
                      3.7890000000e-02 speed_5.0



---------------------
Begin Evaluation    8
---------------------
Parameters for evaluation 8:
                      1.3899671618e+00 desired_speed
                      1.2402045973e-01 radius
                      2.8229663718e-01 time_gap
                      8.5748943216e+00 strength_neighbor
                      1.0625984498e-01 range_neighbor

blocking fork: python3 driver.py params.in results.out

Active response data for evaluation 8:
Active set vector = { 1 1 1 1 1 1 1 1 1 }
                      6.8590100000e+00 flow_2.4
                      1.5035400000e+00 density_2.4
                      1.7871000000e-01 speed_2.4
                      1.0683360000e+01 flow_3.6
                      9.7123000000e-01 density_3.6
                      3.2539000000e-01 speed_3.6
                      1.2673710000e+01 flow_5.0
                      7.9607000000e-01 density_5.0
                      2.8437000000e-01 speed_5.0



---------------------
Begin Evaluation    9
---------------------
Parameters for evaluation 9:
                      1.1462788965e+00 desired_speed
                      1.7021033808e-01 radius
                      9.6590952339e-01 time_gap
                      6.8823495929e+00 strength_neighbor
                      3.1606441218e-02 range_neighbor

blocking fork: python3 driver.py params.in results.out

Active response data for evaluation 9:
Active set vector = { 1 1 1 1 1 1 1 1 1 }
                     -3.0614700000e+00 flow_2.4
                     -2.2607300000e+00 density_2.4
                     -6.9300000000e-02 speed_2.4
                     -5.7962100000e+00 flow_3.6
                     -2.5655500000e+00 density_3.6
                     -1.4807000000e-01 speed_3.6
                     -1.0376900000e+01 flow_5.0
                     -2.3408000000e+00 density_5.0
                     -3.5656000000e-01 speed_5.0



---------------------
Begin Evaluation   10
---------------------
Parameters for evaluation 10:
                      1.4208304951e+00 desired_speed
                      1.3745387921e-01 radius
                      4.3572111763e-01 time_gap
                      2.2609202310e+00 strength_neighbor
                      1.6902994836e-01 range_neighbor

blocking fork: python3 driver.py params.in results.out

Active response data for evaluation 10:
Active set vector = { 1 1 1 1 1 1 1 1 1 }
                      3.2611100000e+00 flow_2.4
                      8.9950000000e-01 density_2.4
                      9.2020000000e-02 speed_2.4
                      5.1514900000e+00 flow_3.6
                     -5.0910000000e-02 density_3.6
                      2.3878000000e-01 speed_3.6
                      3.5386800000e+00 flow_5.0
                     -5.1337000000e-01 density_5.0
                      1.7201000000e-01 speed_5.0



---------------------
Begin Evaluation   11
---------------------
Parameters for evaluation 11:
                      1.4853646069e+00 desired_speed
                      1.6187468754e-01 radius
                      7.4115257379e-01 time_gap
                      3.9134983204e+00 strength_neighbor
                      6.9288865775e-02 range_neighbor

blocking fork: python3 driver.py params.in results.out

Active response data for evaluation 11:
Active set vector = { 1 1 1 1 1 1 1 1 1 }
                     -1.1758500000e+00 flow_2.4
                     -1.1963500000e+00 density_2.4
                      7.0000000000e-05 speed_2.4
                     -3.3999700000e+00 flow_3.6
                     -1.9735500000e+00 density_3.6
                      3.0290000000e-02 speed_3.6
                     -7.7806800000e+00 flow_5.0
                     -1.8934100000e+00 density_5.0
                     -1.8057000000e-01 speed_5.0



---------------------
Begin Evaluation   12
---------------------
Parameters for evaluation 12:
                      1.1039788571e+00 desired_speed
                      1.6878056259e-01 radius
                      6.1248629283e-01 time_gap
                      3.4398150791e+00 strength_neighbor
                      1.5865259741e-01 range_neighbor

blocking fork: python3 driver.py params.in results.out

Active response data for evaluation 12:
Active set vector = { 1 1 1 1 1 1 1 1 1 }
                     -7.8911000000e-01 flow_2.4
                     -8.9603000000e-01 density_2.4
                     -2.2700000000e-03 speed_2.4
                     -1.2519400000e+00 flow_3.6
                     -1.0511000000e+00 density_3.6
                      4.7120000000e-02 speed_3.6
                     -3.2870600000e+00 flow_5.0
                     -9.7413000000e-01 density_5.0
                     -2.9820000000e-02 speed_5.0



---------------------
Begin Evaluation   13
---------------------
Parameters for evaluation 13:
                      9.4595534629e-01 desired_speed
                      1.4130334281e-01 radius
                      1.4348203217e-01 time_gap
                      8.0897616775e+00 strength_neighbor
                      2.4361138788e-01 range_neighbor

blocking fork: python3 driver.py params.in results.out

Active response data for evaluation 13:
Active set vector = { 1 1 1 1 1 1 1 1 1 }
                      1.1241300000e+00 flow_2.4
                     -2.1976700000e+00 density_2.4
                      2.7230000000e-01 speed_2.4
                      1.7790900000e+00 flow_3.6
                     -1.7319800000e+00 density_3.6
                      3.4351000000e-01 speed_3.6
                      8.5148000000e-01 flow_5.0
                     -1.1614900000e+00 density_5.0
                      2.3111000000e-01 speed_5.0



---------------------
Begin Evaluation   14
---------------------
Parameters for evaluation 14:
                      1.3087290683e+00 desired_speed
                      1.9065955015e-01 radius
                      4.4903561264e-01 time_gap
                      3.0831905764e+00 strength_neighbor
                      7.3362856203e-02 range_neighbor

blocking fork: python3 driver.py params.in results.out

Active response data for evaluation 14:
Active set vector = { 1 1 1 1 1 1 1 1 1 }
                     -5.0276000000e-01 flow_2.4
                     -2.0065800000e+00 density_2.4
                      1.3840000000e-01 speed_2.4
                     -2.0823100000e+00 flow_3.6
                     -2.5346500000e+00 density_3.6
                      2.8762000000e-01 speed_3.6
                     -6.4843100000e+00 flow_5.0
                     -2.3320100000e+00 density_5.0
                      3.0120000000e-02 speed_5.0



---------------------
Begin Evaluation   15
---------------------
Parameters for evaluation 15:
                      8.0845688272e-01 desired_speed
                      2.4834015442e-01 radius
                      1.9791510930e-01 time_gap
                      5.4291970172e+00 strength_neighbor
                      5.8969994805e-02 range_neighbor

blocking fork: python3 driver.py params.in results.out

Active response data for evaluation 15:
Active set vector = { 1 1 1 1 1 1 1 1 1 }
                     -2.2328800000e+00 flow_2.4
                     -2.3775300000e+00 density_2.4
                      3.5330000000e-02 speed_2.4
                     -2.7870600000e+00 flow_3.6
                     -1.9339400000e+00 density_3.6
                      8.7050000000e-02 speed_3.6
                     -5.2089100000e+00 flow_5.0
                     -1.5115600000e+00 density_5.0
                      3.1010000000e-02 speed_5.0



---------------------
Begin Evaluation   16
---------------------
Parameters for evaluation 16:
                      9.6025596777e-01 desired_speed
                      2.1210130473e-01 radius
                      3.7118131178e-01 time_gap
                      7.6859594235e+00 strength_neighbor
                      1.3975291652e-01 range_neighbor

blocking fork: python3 driver.py params.in results.out

Active response data for evaluation 16:
Active set vector = { 1 1 1 1 1 1 1 1 1 }
                     -1.5720900000e+00 flow_2.4
                     -2.1330200000e+00 density_2.4
                      6.0420000000e-02 speed_2.4
                     -1.9283100000e+00 flow_3.6
                     -1.8409700000e+00 density_3.6
                      1.4854000000e-01 speed_3.6
                     -3.8196900000e+00 flow_5.0
                     -1.4591100000e+00 density_5.0
                      1.3288000000e-01 speed_5.0



---------------------
Begin Evaluation   17
---------------------
Parameters for evaluation 17:
                      1.1233680453e+00 desired_speed
                      1.4626334538e-01 radius
                      7.9378919925e-01 time_gap
                      9.8731653833e+00 strength_neighbor
                      2.4927299941e-01 range_neighbor

blocking fork: python3 driver.py params.in results.out

Active response data for evaluation 17:
Active set vector = { 1 1 1 1 1 1 1 1 1 }
                     -1.6527600000e+00 flow_2.4
                     -2.5705900000e+00 density_2.4
                      1.0153000000e-01 speed_2.4
                     -2.2229500000e+00 flow_3.6
                     -2.1834400000e+00 density_3.6
                      1.8211000000e-01 speed_3.6
                     -4.1361900000e+00 flow_5.0
                     -1.7492600000e+00 density_5.0
                      1.7865000000e-01 speed_5.0



---------------------
Begin Evaluation   18
---------------------
Parameters for evaluation 18:
                      9.0936123061e-01 desired_speed
                      1.3076177325e-01 radius
                      8.7125666775e-01 time_gap
                      7.1961124455e+00 strength_neighbor
                      3.5996872053e-02 range_neighbor

blocking fork: python3 driver.py params.in results.out

Active response data for evaluation 18:
Active set vector = { 1 1 1 1 1 1 1 1 1 }
                     -1.5127700000e+00 flow_2.4
                      3.0514000000e-01 density_2.4
                     -9.6300000000e-02 speed_2.4
                     -4.1826300000e+00 flow_3.6
                     -1.8150300000e+00 density_3.6
                     -1.2930000000e-01 speed_3.6
                     -8.1243200000e+00 flow_5.0
                     -1.9028200000e+00 density_5.0
                     -3.1390000000e-01 speed_5.0



---------------------
Begin Evaluation   19
---------------------
Parameters for evaluation 19:
                      1.0043328341e+00 desired_speed
                      2.1674963942e-01 radius
                      6.8120016227e-01 time_gap
                      9.5438083379e+00 strength_neighbor
                      1.9084976635e-01 range_neighbor

blocking fork: python3 driver.py params.in results.out

Active response data for evaluation 19:
Active set vector = { 1 1 1 1 1 1 1 1 1 }
                     -2.8239400000e+00 flow_2.4
                     -2.8783500000e+00 density_2.4
                      3.0880000000e-02 speed_2.4
                     -4.0541200000e+00 flow_3.6
                     -2.5222900000e+00 density_3.6
                      8.3810000000e-02 speed_3.6
                     -7.1434000000e+00 flow_5.0
                     -2.0485300000e+00 density_5.0
                      5.5300000000e-03 speed_5.0



---------------------
Begin Evaluation   20
---------------------
Parameters for evaluation 20:
                      8.4019733793e-01 desired_speed
                      1.8316857702e-01 radius
                      9.3474578813e-01 time_gap
                      2.6475594712e+00 strength_neighbor
                      2.8705482078e-01 range_neighbor

blocking fork: python3 driver.py params.in results.out

Active response data for evaluation 20:
Active set vector = { 1 1 1 1 1 1 1 1 1 }
                     -2.9837700000e+00 flow_2.4
                     -2.1796700000e+00 density_2.4
                     -2.9160000000e-02 speed_2.4
                     -3.8554400000e+00 flow_3.6
                     -1.8381300000e+00 density_3.6
                     -2.6630000000e-02 speed_3.6
                     -6.6328900000e+00 flow_5.0
                     -1.4662100000e+00 density_5.0
                     -1.1439000000e-01 speed_5.0



---------------------
Begin Evaluation   21
---------------------
Parameters for evaluation 21:
                      1.5546012071e+00 desired_speed
                      2.4133289504e-01 radius
                      6.5559702268e-01 time_gap
                      8.0974228803e+00 strength_neighbor
                      9.4338849429e-02 range_neighbor

blocking fork: python3 driver.py params.in results.out

Active response data for evaluation 21:
Active set vector = { 1 1 1 1 1 1 1 1 1 }
                     -3.0201700000e+00 flow_2.4
                     -2.9912000000e+00 density_2.4
                      8.8300000000e-03 speed_2.4
                     -4.0369100000e+00 flow_3.6
                     -2.8767800000e+00 density_3.6
                      1.4231000000e-01 speed_3.6
                     -7.4966400000e+00 flow_5.0
                     -2.3326700000e+00 density_5.0
                      6.9780000000e-02 speed_5.0



>>>>> Appending 21 points to global_kriging approximations.

<<<<< global_kriging approximation updates completed.
Constructing global approximations with no anchor, 21 DACE samples, and 0 reused points.

<<<<< global_kriging approximation builds completed.

>>>>> Initiating global iteration 1 (acquisition batch 1)
Beginning Approximate Fn Evaluations...
NCSU DIRECT succeeded with code 1
(maximum function evaluations exceeded)

Results of EGO iteration:
Final point =
                      1.5998171011e+00 desired_speed
                      1.5456561500e-01 radius
                      7.6028806584e-01 time_gap
                      5.4842249657e+00 strength_neighbor
                      1.5372656607e-01 range_neighbor
Expected Improvement    =
                      3.6950698129e+01

---------------------
Begin Evaluation   22
---------------------
Parameters for evaluation 22:
                      1.5998171011e+00 desired_speed
                      1.5456561500e-01 radius
                      7.6028806584e-01 time_gap
                      5.4842249657e+00 strength_neighbor
                      1.5372656607e-01 range_neighbor

blocking fork: python3 driver.py params.in results.out

Active response data for evaluation 22:
Active set vector = { 1 1 1 1 1 1 1 1 1 }
                     -1.0505500000e+00 flow_2.4
                     -6.0611000000e-01 density_2.4
                     -4.3970000000e-02 speed_2.4
                     -1.6543600000e+00 flow_3.6
                     -8.7232000000e-01 density_3.6
                     -2.7500000000e-02 speed_3.6
                     -4.1566000000e+00 flow_5.0
                     -7.4048000000e-01 density_5.0
                     -1.0249000000e-01 speed_5.0



>>>>> Appending to global_kriging approximations.

<<<<< global_kriging approximation updates completed.

>>>>> Initiating global iteration 2 (acquisition batch 1)
NCSU DIRECT succeeded with code 1
(maximum function evaluations exceeded)

Results of EGO iteration:
Final point =
                      1.4202103338e+00 desired_speed
                      1.3055098308e-01 radius
                      7.2572016461e-01 time_gap
                      8.5459533608e+00 strength_neighbor
                      1.7625971651e-01 range_neighbor
Expected Improvement    =
                      3.7583670295e+01

---------------------
Begin Evaluation   23
---------------------
Parameters for evaluation 23:
                      1.4202103338e+00 desired_speed
                      1.3055098308e-01 radius
                      7.2572016461e-01 time_gap
                      8.5459533608e+00 strength_neighbor
                      1.7625971651e-01 range_neighbor

blocking fork: python3 driver.py params.in results.out

Active response data for evaluation 23:
Active set vector = { 1 1 1 1 1 1 1 1 1 }
                     -9.1930000000e-02 flow_2.4
                     -8.3503000000e-01 density_2.4
                      2.7860000000e-02 speed_2.4
                     -1.4235000000e-01 flow_3.6
                     -8.2369000000e-01 density_3.6
                      4.5420000000e-02 speed_3.6
                     -2.1070000000e+00 flow_5.0
                     -5.6540000000e-01 density_5.0
                     -5.1370000000e-02 speed_5.0



>>>>> Appending to global_kriging approximations.

<<<<< global_kriging approximation updates completed.

>>>>> Initiating global iteration 3 (acquisition batch 1)
NCSU DIRECT succeeded with code 4
(volume of best hyperrectangle is less than the prescribed percentage of the original)

Results of EGO iteration:
Final point =
                      1.2442615455e+00 desired_speed
                      1.4889879592e-01 radius
                      5.9609053498e-01 time_gap
                      4.6684956561e+00 strength_neighbor
                      1.5935985368e-01 range_neighbor
Expected Improvement    =
                      1.0038674717e+01

---------------------
Begin Evaluation   24
---------------------
Parameters for evaluation 24:
                      1.2442615455e+00 desired_speed
                      1.4889879592e-01 radius
                      5.9609053498e-01 time_gap
                      4.6684956561e+00 strength_neighbor
                      1.5935985368e-01 range_neighbor

blocking fork: python3 driver.py params.in results.out

Active response data for evaluation 24:
Active set vector = { 1 1 1 1 1 1 1 1 1 }
                      2.0638000000e-01 flow_2.4
                     -1.4637000000e-01 density_2.4
                      1.6500000000e-03 speed_2.4
                      7.1106000000e-01 flow_3.6
                     -5.1578000000e-01 density_3.6
                      7.4720000000e-02 speed_3.6
                     -1.2294800000e+00 flow_5.0
                     -4.5621000000e-01 density_5.0
                     -7.1700000000e-03 speed_5.0



>>>>> Appending to global_kriging approximations.

<<<<< global_kriging approximation updates completed.

>>>>> Initiating global iteration 4 (acquisition batch 1)
NCSU DIRECT succeeded with code 4
(volume of best hyperrectangle is less than the prescribed percentage of the original)

Results of EGO iteration:
Final point =
                      9.6954732510e-01 desired_speed
                      1.4832418839e-01 radius
                      4.8168724280e-01 time_gap
                      8.2228318854e+00 strength_neighbor
                      1.2031092821e-01 range_neighbor
Expected Improvement    =
                      1.6565670002e+00

---------------------
Begin Evaluation   25
---------------------
Parameters for evaluation 25:
                      9.6954732510e-01 desired_speed
                      1.4832418839e-01 radius
                      4.8168724280e-01 time_gap
                      8.2228318854e+00 strength_neighbor
                      1.2031092821e-01 range_neighbor

blocking fork: python3 driver.py params.in results.out

Active response data for evaluation 25:
Active set vector = { 1 1 1 1 1 1 1 1 1 }
                      3.8605000000e-01 flow_2.4
                      3.2020000000e-02 density_2.4
                      8.5200000000e-03 speed_2.4
                      8.7126000000e-01 flow_3.6
                     -1.7446000000e-01 density_3.6
                      5.2240000000e-02 speed_3.6
                     -4.2320000000e-02 flow_5.0
                     -1.8267000000e-01 density_5.0
                      2.2510000000e-02 speed_5.0



>>>>> Appending to global_kriging approximations.

<<<<< global_kriging approximation updates completed.

>>>>> Initiating global iteration 5 (acquisition batch 1)
NCSU DIRECT succeeded with code 4
(volume of best hyperrectangle is less than the prescribed percentage of the original)

Results of EGO iteration:
Final point =
                      1.1008687700e+00 desired_speed
                      1.4166666667e-01 radius
                      5.3340192044e-01 time_gap
                      5.2574302698e+00 strength_neighbor
                      1.6000000000e-01 range_neighbor
Expected Improvement    =
                      2.8993050433e-08

---------------------
Begin Evaluation   26
---------------------
Parameters for evaluation 26:
                      1.1008687700e+00 desired_speed
                      1.4166666667e-01 radius
                      5.3340192044e-01 time_gap
                      5.2574302698e+00 strength_neighbor
                      1.6000000000e-01 range_neighbor

blocking fork: python3 driver.py params.in results.out

Active response data for evaluation 26:
Active set vector = { 1 1 1 1 1 1 1 1 1 }
                      9.5578000000e-01 flow_2.4
                      1.4600000000e-01 density_2.4
                      2.9010000000e-02 speed_2.4
                      1.5414300000e+00 flow_3.6
                     -1.0709000000e-01 density_3.6
                      7.8860000000e-02 speed_3.6
                      8.2702000000e-01 flow_5.0
                     -1.5954000000e-01 density_5.0
                      4.0790000000e-02 speed_5.0



>>>>> Appending to global_kriging approximations.

<<<<< global_kriging approximation updates completed.

>>>>> Initiating global iteration 6 (acquisition batch 1)
NCSU DIRECT succeeded with code 4
(volume of best hyperrectangle is less than the prescribed percentage of the original)

Results of EGO iteration:
Final point =
                      9.4796524920e-01 desired_speed
                      1.4243941472e-01 radius
                      5.5123456790e-01 time_gap
                      9.1117207743e+00 strength_neighbor
                      1.2504801097e-01 range_neighbor
Expected Improvement    =
                      2.3362272201e+00

---------------------
Begin Evaluation   27
---------------------
Parameters for evaluation 27:
                      9.4796524920e-01 desired_speed
                      1.4243941472e-01 radius
                      5.5123456790e-01 time_gap
                      9.1117207743e+00 strength_neighbor
                      1.2504801097e-01 range_neighbor

blocking fork: python3 driver.py params.in results.out

Active response data for evaluation 27:
Active set vector = { 1 1 1 1 1 1 1 1 1 }
                      7.0060000000e-02 flow_2.4
                     -3.3000000000e-04 density_2.4
                     -1.0910000000e-02 speed_2.4
                      1.4959000000e-01 flow_3.6
                     -1.5441000000e-01 density_3.6
                      9.0600000000e-03 speed_3.6
                     -9.2613000000e-01 flow_5.0
                     -1.8027000000e-01 density_5.0
                     -3.3940000000e-02 speed_5.0



>>>>> Appending to global_kriging approximations.

<<<<< global_kriging approximation updates completed.

>>>>> Initiating global iteration 7 (acquisition batch 1)
NCSU DIRECT succeeded with code 4
(volume of best hyperrectangle is less than the prescribed percentage of the original)

Results of EGO iteration:
Final point =
                      9.5784179241e-01 desired_speed
                      1.4107224508e-01 radius
                      5.5164609053e-01 time_gap
                      8.5179088554e+00 strength_neighbor
                      1.4450845908e-01 range_neighbor
Expected Improvement    =
                      5.4148489600e-01

---------------------
Begin Evaluation   28
---------------------
Parameters for evaluation 28:
                      9.5784179241e-01 desired_speed
                      1.4107224508e-01 radius
                      5.5164609053e-01 time_gap
                      8.5179088554e+00 strength_neighbor
                      1.4450845908e-01 range_neighbor

blocking fork: python3 driver.py params.in results.out

Active response data for evaluation 28:
Active set vector = { 1 1 1 1 1 1 1 1 1 }
                      7.3940000000e-02 flow_2.4
                     -3.0057000000e-01 density_2.4
                      1.4310000000e-02 speed_2.4
                      5.6871000000e-01 flow_3.6
                     -3.8065000000e-01 density_3.6
                      7.0540000000e-02 speed_3.6
                     -5.8954000000e-01 flow_5.0
                     -2.0337000000e-01 density_5.0
                     -1.1830000000e-02 speed_5.0



>>>>> Appending to global_kriging approximations.

<<<<< global_kriging approximation updates completed.

>>>>> Initiating global iteration 8 (acquisition batch 1)
NCSU DIRECT succeeded with code 4
(volume of best hyperrectangle is less than the prescribed percentage of the original)

Results of EGO iteration:
Final point =
                      9.2845602804e-01 desired_speed
                      1.3679240969e-01 radius
                      5.4835390947e-01 time_gap
                      9.7018747142e+00 strength_neighbor
                      1.3349794239e-01 range_neighbor
Expected Improvement    =
                      8.1527366414e-01

---------------------
Begin Evaluation   29
---------------------
Parameters for evaluation 29:
                      9.2845602804e-01 desired_speed
                      1.3679240969e-01 radius
                      5.4835390947e-01 time_gap
                      9.7018747142e+00 strength_neighbor
                      1.3349794239e-01 range_neighbor

blocking fork: python3 driver.py params.in results.out

Active response data for evaluation 29:
Active set vector = { 1 1 1 1 1 1 1 1 1 }
                      2.9080000000e-01 flow_2.4
                     -1.2737000000e-01 density_2.4
                      1.4610000000e-02 speed_2.4
                      7.3848000000e-01 flow_3.6
                     -1.7988000000e-01 density_3.6
                      4.7360000000e-02 speed_3.6
                     -5.8136000000e-01 flow_5.0
                     -3.9710000000e-02 density_5.0
                     -4.8380000000e-02 speed_5.0



>>>>> Appending to global_kriging approximations.

<<<<< global_kriging approximation updates completed.

>>>>> Initiating global iteration 9 (acquisition batch 1)
NCSU DIRECT succeeded with code 4
(volume of best hyperrectangle is less than the prescribed percentage of the original)

Results of EGO iteration:
Final point =
                      9.7759487883e-01 desired_speed
                      1.3926916629e-01 radius
                      5.9979423868e-01 time_gap
                      5.5537265661e+00 strength_neighbor
                      1.6115226337e-01 range_neighbor
Expected Improvement    =
                      1.9176200552e-01

---------------------
Begin Evaluation   30
---------------------
Parameters for evaluation 30:
                      9.7759487883e-01 desired_speed
                      1.3926916629e-01 radius
                      5.9979423868e-01 time_gap
                      5.5537265661e+00 strength_neighbor
                      1.6115226337e-01 range_neighbor

blocking fork: python3 driver.py params.in results.out

Active response data for evaluation 30:
Active set vector = { 1 1 1 1 1 1 1 1 1 }
                      2.4425000000e-01 flow_2.4
                      2.0228000000e-01 density_2.4
                     -1.2820000000e-02 speed_2.4
                      6.3234000000e-01 flow_3.6
                     -7.5660000000e-02 density_3.6
                      3.0300000000e-02 speed_3.6
                     -3.2338000000e-01 flow_5.0
                     -2.0193000000e-01 density_5.0
                      1.7780000000e-02 speed_5.0



>>>>> Appending to global_kriging approximations.

<<<<< global_kriging approximation updates completed.

>>>>> Initiating global iteration 10 (acquisition batch 1)
NCSU DIRECT succeeded with code 4
(volume of best hyperrectangle is less than the prescribed percentage of the original)

Results of EGO iteration:
Final point =
                      8.6919676879e-01 desired_speed
                      1.4339048925e-01 radius
                      5.4629629630e-01 time_gap
                      5.2610882487e+00 strength_neighbor
                      1.6742569730e-01 range_neighbor
Expected Improvement    =
                      7.1573743622e-04

---------------------
Begin Evaluation   31
---------------------
Parameters for evaluation 31:
                      8.6919676879e-01 desired_speed
                      1.4339048925e-01 radius
                      5.4629629630e-01 time_gap
                      5.2610882487e+00 strength_neighbor
                      1.6742569730e-01 range_neighbor

blocking fork: python3 driver.py params.in results.out

Active response data for evaluation 31:
Active set vector = { 1 1 1 1 1 1 1 1 1 }
                      2.5072000000e-01 flow_2.4
                      2.9260000000e-02 density_2.4
                      3.6200000000e-03 speed_2.4
                      8.6474000000e-01 flow_3.6
                     -1.6090000000e-01 density_3.6
                      5.4240000000e-02 speed_3.6
                      2.2758000000e-01 flow_5.0
                     -2.2948000000e-01 density_5.0
                      4.8900000000e-02 speed_5.0



>>>>> Appending to global_kriging approximations.

<<<<< global_kriging approximation updates completed.

>>>>> Initiating global iteration 11 (acquisition batch 1)
NCSU DIRECT succeeded with code 4
(volume of best hyperrectangle is less than the prescribed percentage of the original)

Results of EGO iteration:
Final point =
                      9.7759487883e-01 desired_speed
                      1.4245922878e-01 radius
                      5.4958847737e-01 time_gap
                      8.7508001829e+00 strength_neighbor
                      1.2530406950e-01 range_neighbor
Expected Improvement    =
                      2.9579660736e-01

---------------------
Begin Evaluation   32
---------------------
Parameters for evaluation 32:
                      9.7759487883e-01 desired_speed
                      1.4245922878e-01 radius
                      5.4958847737e-01 time_gap
                      8.7508001829e+00 strength_neighbor
                      1.2530406950e-01 range_neighbor

blocking fork: python3 driver.py params.in results.out

Active response data for evaluation 32:
Active set vector = { 1 1 1 1 1 1 1 1 1 }
                      1.8242000000e-01 flow_2.4
                      3.0840000000e-02 density_2.4
                     -2.7800000000e-03 speed_2.4
                      4.5195000000e-01 flow_3.6
                     -1.8668000000e-01 density_3.6
                      4.2060000000e-02 speed_3.6
                     -6.5243000000e-01 flow_5.0
                     -1.1590000000e-01 density_5.0
                     -2.3860000000e-02 speed_5.0



>>>>> Appending to global_kriging approximations.

<<<<< global_kriging approximation updates completed.

>>>>> Initiating global iteration 12 (acquisition batch 1)
NCSU DIRECT succeeded with code 4
(volume of best hyperrectangle is less than the prescribed percentage of the original)

Results of EGO iteration:
Final point =
                      8.7151348880e-01 desired_speed
                      1.4214220393e-01 radius
                      5.4465020576e-01 time_gap
                      6.7401310776e+00 strength_neighbor
                      1.4834933699e-01 range_neighbor
Expected Improvement    =
                      4.1273418992e-01

---------------------
Begin Evaluation   33
---------------------
Parameters for evaluation 33:
                      8.7151348880e-01 desired_speed
                      1.4214220393e-01 radius
                      5.4465020576e-01 time_gap
                      6.7401310776e+00 strength_neighbor
                      1.4834933699e-01 range_neighbor

blocking fork: python3 driver.py params.in results.out

Active response data for evaluation 33:
Active set vector = { 1 1 1 1 1 1 1 1 1 }
                      2.5137000000e-01 flow_2.4
                      7.2880000000e-02 density_2.4
                      6.0400000000e-03 speed_2.4
                      7.6808000000e-01 flow_3.6
                     -1.2456000000e-01 density_3.6
                      4.8190000000e-02 speed_3.6
                     -1.3304000000e-01 flow_5.0
                     -1.7099000000e-01 density_5.0
                      2.3940000000e-02 speed_5.0



>>>>> Appending to global_kriging approximations.

<<<<< global_kriging approximation updates completed.

>>>>> Initiating global iteration 13 (acquisition batch 1)
NCSU DIRECT succeeded with code 4
(volume of best hyperrectangle is less than the prescribed percentage of the original)

Results of EGO iteration:
Final point =
                      8.9419295839e-01 desired_speed
                      1.4245922878e-01 radius
                      5.4465020576e-01 time_gap
                      8.2240512117e+00 strength_neighbor
                      1.2952903521e-01 range_neighbor
Expected Improvement    =
                      6.1179230720e-01

---------------------
Begin Evaluation   34
---------------------
Parameters for evaluation 34:
                      8.9419295839e-01 desired_speed
                      1.4245922878e-01 radius
                      5.4465020576e-01 time_gap
                      8.2240512117e+00 strength_neighbor
                      1.2952903521e-01 range_neighbor

blocking fork: python3 driver.py params.in results.out

Active response data for evaluation 34:
Active set vector = { 1 1 1 1 1 1 1 1 1 }
                      1.5037000000e-01 flow_2.4
                      5.3090000000e-02 density_2.4
                     -8.5900000000e-03 speed_2.4
                      3.8473000000e-01 flow_3.6
                     -1.6994000000e-01 density_3.6
                      4.5490000000e-02 speed_3.6
                     -9.2773000000e-01 flow_5.0
                      3.2290000000e-02 density_5.0
                     -5.8000000000e-02 speed_5.0



>>>>> Appending to global_kriging approximations.

<<<<< global_kriging approximation updates completed.

>>>>> Initiating global iteration 14 (acquisition batch 1)
NCSU DIRECT succeeded with code 4
(volume of best hyperrectangle is less than the prescribed percentage of the original)

Results of EGO iteration:
Final point =
                      1.2738911751e+00 desired_speed
                      1.2199131230e-01 radius
                      9.9993141289e-01 time_gap
                      3.7759487883e+00 strength_neighbor
                      2.6421582076e-01 range_neighbor
Expected Improvement    =
                      7.6562138695e-27

---------------------
Begin Evaluation   35
---------------------
Parameters for evaluation 35:
                      1.2738911751e+00 desired_speed
                      1.2199131230e-01 radius
                      9.9993141289e-01 time_gap
                      3.7759487883e+00 strength_neighbor
                      2.6421582076e-01 range_neighbor

blocking fork: python3 driver.py params.in results.out

Active response data for evaluation 35:
Active set vector = { 1 1 1 1 1 1 1 1 1 }
                     -6.8445000000e-01 flow_2.4
                     -7.7039000000e-01 density_2.4
                     -9.4800000000e-03 speed_2.4
                     -1.1626800000e+00 flow_3.6
                     -7.4062000000e-01 density_3.6
                     -2.5900000000e-02 speed_3.6
                     -3.3334900000e+00 flow_5.0
                     -5.1351000000e-01 density_5.0
                     -1.6176000000e-01 speed_5.0



>>>>> Appending to global_kriging approximations.

<<<<< global_kriging approximation updates completed.

>>>>> Initiating global iteration 15 (acquisition batch 1)
NCSU DIRECT succeeded with code 4
(volume of best hyperrectangle is less than the prescribed percentage of the original)

Results of EGO iteration:
Final point =
                      1.5668952904e+00 desired_speed
                      1.2098079561e-01 radius
                      9.6659807956e-01 time_gap
                      2.8870598994e+00 strength_neighbor
                      2.4437128487e-01 range_neighbor
Expected Improvement    =
                      8.6032057565e-07

---------------------
Begin Evaluation   36
---------------------
Parameters for evaluation 36:
                      1.5668952904e+00 desired_speed
                      1.2098079561e-01 radius
                      9.6659807956e-01 time_gap
                      2.8870598994e+00 strength_neighbor
                      2.4437128487e-01 range_neighbor

blocking fork: python3 driver.py params.in results.out

Active response data for evaluation 36:
Active set vector = { 1 1 1 1 1 1 1 1 1 }
                     -3.4666000000e-01 flow_2.4
                      1.7717000000e-01 density_2.4
                     -3.6210000000e-02 speed_2.4
                     -5.9499000000e-01 flow_3.6
                     -1.0129000000e-01 density_3.6
                     -6.0600000000e-02 speed_3.6
                     -2.7940900000e+00 flow_5.0
                     -1.3066000000e-01 density_5.0
                     -1.7422000000e-01 speed_5.0



>>>>> Appending to global_kriging approximations.

<<<<< global_kriging approximation updates completed.

Stopping criteria not met: distConvergenceCntr (0) < distConvergenceLimit (1)
Stopping criteria met:     eifConvergenceCntr (2) >= eifConvergenceLimit (2)
Stopping criteria not met: globalIterCount (15) < maxIterations (60)
<<<<< Function evaluation summary: 36 total (36 new, 0 duplicate)
<<<<< Best parameters          =
                      9.4796524920e-01 desired_speed
                      1.4243941472e-01 radius
                      5.5123456790e-01 time_gap
                      9.1117207743e+00 strength_neighbor
                      1.2504801097e-01 range_neighbor
<<<<< Best residual terms =
                      7.0060000000e-02
                     -3.3000000000e-04
                     -1.0910000000e-02
                      1.4959000000e-01
                     -1.5441000000e-01
                      9.0600000000e-03
                     -9.2613000000e-01
                     -1.8027000000e-01
                     -3.3940000000e-02
<<<<< Best residual norm =  9.7092492696e-01; 0.5 * norm^2 =  4.7134760690e-01
<<<<< Best evaluation ID: 27


<<<<< Iterator efficient_global completed.
<<<<< Environment execution completed.
DAKOTA execution time in seconds:
  Total CPU        =    5.37525 [parent =    5.37532, child =   -6.9e-05]
  Total wall clock =    747.595
