Dakota version 6.24 released May 15 2026.
Repository revision 1ab1c9924 (2026-05-11) built May 11 2026 11:08:44.
Running MPI Dakota executable in serial mode.
Start time: Sat Sep  5 10:46:42 2026

------------------
Begin Dakota input
------------------
# Grid parameter study of the calibration misfit: 7 x 7 points over
# desired_speed x radius. Shows the trade-off valley between the two.
# Run:  JPS_N_SEEDS=5 dakota -i dakota.in -o dakota.out

environment
  tabular_data
    tabular_data_file = 'grid.dat'

method
  multidim_parameter_study
    partitions = 6 6

variables
  continuous_design = 2
    descriptors    'desired_speed'  'radius'
    lower_bounds    0.8             0.12
    upper_bounds    1.6             0.20

interface
  fork
    analysis_drivers = 'python3 driver_calib.py'
    parameters_file  = 'params.in'
    results_file     = 'results.out'
    work_directory named 'runs/run' directory_tag
    link_files = '../driver.py' '../driver_calib.py' 'experiments.dat'
  asynchronous evaluation_concurrency = 2

responses
  calibration_terms = 6
    descriptors 't_0.9m' 't_1.2m' 't_1.8m' 'flow_0.9m' 'flow_1.2m' 'flow_1.8m'
    # weights = 1/sigma^2 from 10-seed noise at the truth: sigma_t = 1.08 s, sigma_flow = 0.05 1/s
    weights = 0.86 0.86 0.86 400 400 400
  no_gradients
  no_hessians

----------------
End Dakota input
----------------

Using Dakota parser: standard
Writing new restart file 'dakota.rst'.

>>>>> Executing environment.

>>>>> Running multidim_parameter_study iterator.

Multidimensional parameter study variable partitions of
                                     6
                                     6

---------------------
Begin Evaluation    1
---------------------
Parameters for evaluation 1:
                      8.0000000000e-01 desired_speed
                      1.2000000000e-01 radius

(Asynchronous job 1 added to queue)

---------------------
Begin Evaluation    2
---------------------
Parameters for evaluation 2:
                      9.3333333333e-01 desired_speed
                      1.2000000000e-01 radius

(Asynchronous job 2 added to queue)

---------------------
Begin Evaluation    3
---------------------
Parameters for evaluation 3:
                      1.0666666667e+00 desired_speed
                      1.2000000000e-01 radius

(Asynchronous job 3 added to queue)

---------------------
Begin Evaluation    4
---------------------
Parameters for evaluation 4:
                      1.2000000000e+00 desired_speed
                      1.2000000000e-01 radius

(Asynchronous job 4 added to queue)

---------------------
Begin Evaluation    5
---------------------
Parameters for evaluation 5:
                      1.3333333333e+00 desired_speed
                      1.2000000000e-01 radius

(Asynchronous job 5 added to queue)

---------------------
Begin Evaluation    6
---------------------
Parameters for evaluation 6:
                      1.4666666667e+00 desired_speed
                      1.2000000000e-01 radius

(Asynchronous job 6 added to queue)

---------------------
Begin Evaluation    7
---------------------
Parameters for evaluation 7:
                      1.6000000000e+00 desired_speed
                      1.2000000000e-01 radius

(Asynchronous job 7 added to queue)

---------------------
Begin Evaluation    8
---------------------
Parameters for evaluation 8:
                      8.0000000000e-01 desired_speed
                      1.3333333333e-01 radius

(Asynchronous job 8 added to queue)

---------------------
Begin Evaluation    9
---------------------
Parameters for evaluation 9:
                      9.3333333333e-01 desired_speed
                      1.3333333333e-01 radius

(Asynchronous job 9 added to queue)

---------------------
Begin Evaluation   10
---------------------
Parameters for evaluation 10:
                      1.0666666667e+00 desired_speed
                      1.3333333333e-01 radius

(Asynchronous job 10 added to queue)

---------------------
Begin Evaluation   11
---------------------
Parameters for evaluation 11:
                      1.2000000000e+00 desired_speed
                      1.3333333333e-01 radius

(Asynchronous job 11 added to queue)

---------------------
Begin Evaluation   12
---------------------
Parameters for evaluation 12:
                      1.3333333333e+00 desired_speed
                      1.3333333333e-01 radius

(Asynchronous job 12 added to queue)

---------------------
Begin Evaluation   13
---------------------
Parameters for evaluation 13:
                      1.4666666667e+00 desired_speed
                      1.3333333333e-01 radius

(Asynchronous job 13 added to queue)

---------------------
Begin Evaluation   14
---------------------
Parameters for evaluation 14:
                      1.6000000000e+00 desired_speed
                      1.3333333333e-01 radius

(Asynchronous job 14 added to queue)

---------------------
Begin Evaluation   15
---------------------
Parameters for evaluation 15:
                      8.0000000000e-01 desired_speed
                      1.4666666667e-01 radius

(Asynchronous job 15 added to queue)

---------------------
Begin Evaluation   16
---------------------
Parameters for evaluation 16:
                      9.3333333333e-01 desired_speed
                      1.4666666667e-01 radius

(Asynchronous job 16 added to queue)

---------------------
Begin Evaluation   17
---------------------
Parameters for evaluation 17:
                      1.0666666667e+00 desired_speed
                      1.4666666667e-01 radius

(Asynchronous job 17 added to queue)

---------------------
Begin Evaluation   18
---------------------
Parameters for evaluation 18:
                      1.2000000000e+00 desired_speed
                      1.4666666667e-01 radius

(Asynchronous job 18 added to queue)

---------------------
Begin Evaluation   19
---------------------
Parameters for evaluation 19:
                      1.3333333333e+00 desired_speed
                      1.4666666667e-01 radius

(Asynchronous job 19 added to queue)

---------------------
Begin Evaluation   20
---------------------
Parameters for evaluation 20:
                      1.4666666667e+00 desired_speed
                      1.4666666667e-01 radius

(Asynchronous job 20 added to queue)

---------------------
Begin Evaluation   21
---------------------
Parameters for evaluation 21:
                      1.6000000000e+00 desired_speed
                      1.4666666667e-01 radius

(Asynchronous job 21 added to queue)

---------------------
Begin Evaluation   22
---------------------
Parameters for evaluation 22:
                      8.0000000000e-01 desired_speed
                      1.6000000000e-01 radius

(Asynchronous job 22 added to queue)

---------------------
Begin Evaluation   23
---------------------
Parameters for evaluation 23:
                      9.3333333333e-01 desired_speed
                      1.6000000000e-01 radius

(Asynchronous job 23 added to queue)

---------------------
Begin Evaluation   24
---------------------
Parameters for evaluation 24:
                      1.0666666667e+00 desired_speed
                      1.6000000000e-01 radius

(Asynchronous job 24 added to queue)

---------------------
Begin Evaluation   25
---------------------
Parameters for evaluation 25:
                      1.2000000000e+00 desired_speed
                      1.6000000000e-01 radius

(Asynchronous job 25 added to queue)

---------------------
Begin Evaluation   26
---------------------
Parameters for evaluation 26:
                      1.3333333333e+00 desired_speed
                      1.6000000000e-01 radius

(Asynchronous job 26 added to queue)

---------------------
Begin Evaluation   27
---------------------
Parameters for evaluation 27:
                      1.4666666667e+00 desired_speed
                      1.6000000000e-01 radius

(Asynchronous job 27 added to queue)

---------------------
Begin Evaluation   28
---------------------
Parameters for evaluation 28:
                      1.6000000000e+00 desired_speed
                      1.6000000000e-01 radius

(Asynchronous job 28 added to queue)

---------------------
Begin Evaluation   29
---------------------
Parameters for evaluation 29:
                      8.0000000000e-01 desired_speed
                      1.7333333333e-01 radius

(Asynchronous job 29 added to queue)

---------------------
Begin Evaluation   30
---------------------
Parameters for evaluation 30:
                      9.3333333333e-01 desired_speed
                      1.7333333333e-01 radius

(Asynchronous job 30 added to queue)

---------------------
Begin Evaluation   31
---------------------
Parameters for evaluation 31:
                      1.0666666667e+00 desired_speed
                      1.7333333333e-01 radius

(Asynchronous job 31 added to queue)

---------------------
Begin Evaluation   32
---------------------
Parameters for evaluation 32:
                      1.2000000000e+00 desired_speed
                      1.7333333333e-01 radius

(Asynchronous job 32 added to queue)

---------------------
Begin Evaluation   33
---------------------
Parameters for evaluation 33:
                      1.3333333333e+00 desired_speed
                      1.7333333333e-01 radius

(Asynchronous job 33 added to queue)

---------------------
Begin Evaluation   34
---------------------
Parameters for evaluation 34:
                      1.4666666667e+00 desired_speed
                      1.7333333333e-01 radius

(Asynchronous job 34 added to queue)

---------------------
Begin Evaluation   35
---------------------
Parameters for evaluation 35:
                      1.6000000000e+00 desired_speed
                      1.7333333333e-01 radius

(Asynchronous job 35 added to queue)

---------------------
Begin Evaluation   36
---------------------
Parameters for evaluation 36:
                      8.0000000000e-01 desired_speed
                      1.8666666667e-01 radius

(Asynchronous job 36 added to queue)

---------------------
Begin Evaluation   37
---------------------
Parameters for evaluation 37:
                      9.3333333333e-01 desired_speed
                      1.8666666667e-01 radius

(Asynchronous job 37 added to queue)

---------------------
Begin Evaluation   38
---------------------
Parameters for evaluation 38:
                      1.0666666667e+00 desired_speed
                      1.8666666667e-01 radius

(Asynchronous job 38 added to queue)

---------------------
Begin Evaluation   39
---------------------
Parameters for evaluation 39:
                      1.2000000000e+00 desired_speed
                      1.8666666667e-01 radius

(Asynchronous job 39 added to queue)

---------------------
Begin Evaluation   40
---------------------
Parameters for evaluation 40:
                      1.3333333333e+00 desired_speed
                      1.8666666667e-01 radius

(Asynchronous job 40 added to queue)

---------------------
Begin Evaluation   41
---------------------
Parameters for evaluation 41:
                      1.4666666667e+00 desired_speed
                      1.8666666667e-01 radius

(Asynchronous job 41 added to queue)

---------------------
Begin Evaluation   42
---------------------
Parameters for evaluation 42:
                      1.6000000000e+00 desired_speed
                      1.8666666667e-01 radius

(Asynchronous job 42 added to queue)

---------------------
Begin Evaluation   43
---------------------
Parameters for evaluation 43:
                      8.0000000000e-01 desired_speed
                      2.0000000000e-01 radius

(Asynchronous job 43 added to queue)

---------------------
Begin Evaluation   44
---------------------
Parameters for evaluation 44:
                      9.3333333333e-01 desired_speed
                      2.0000000000e-01 radius

(Asynchronous job 44 added to queue)

---------------------
Begin Evaluation   45
---------------------
Parameters for evaluation 45:
                      1.0666666667e+00 desired_speed
                      2.0000000000e-01 radius

(Asynchronous job 45 added to queue)

---------------------
Begin Evaluation   46
---------------------
Parameters for evaluation 46:
                      1.2000000000e+00 desired_speed
                      2.0000000000e-01 radius

(Asynchronous job 46 added to queue)

---------------------
Begin Evaluation   47
---------------------
Parameters for evaluation 47:
                      1.3333333333e+00 desired_speed
                      2.0000000000e-01 radius

(Asynchronous job 47 added to queue)

---------------------
Begin Evaluation   48
---------------------
Parameters for evaluation 48:
                      1.4666666667e+00 desired_speed
                      2.0000000000e-01 radius

(Asynchronous job 48 added to queue)

---------------------
Begin Evaluation   49
---------------------
Parameters for evaluation 49:
                      1.6000000000e+00 desired_speed
                      2.0000000000e-01 radius

(Asynchronous job 49 added to queue)

Blocking synchronize of 49 asynchronous evaluations
First pass: initiating 2 local asynchronous jobs
Initiating evaluation 1
nonblocking fork: python3 driver_calib.py params.in results.out
Initiating evaluation 2
nonblocking fork: python3 driver_calib.py params.in results.out
Second pass: scheduling 47 remaining local asynchronous jobs
Waiting on completed jobs
Evaluation 2 has completed
Initiating evaluation 3
nonblocking fork: python3 driver_calib.py params.in results.out
Waiting on completed jobs
Evaluation 1 has completed
Initiating evaluation 4
nonblocking fork: python3 driver_calib.py params.in results.out
Waiting on completed jobs
Evaluation 4 has completed
Initiating evaluation 5
nonblocking fork: python3 driver_calib.py params.in results.out
Waiting on completed jobs
Evaluation 3 has completed
Initiating evaluation 6
nonblocking fork: python3 driver_calib.py params.in results.out
Waiting on completed jobs
Evaluation 5 has completed
Initiating evaluation 7
nonblocking fork: python3 driver_calib.py params.in results.out
Waiting on completed jobs
Evaluation 6 has completed
Initiating evaluation 8
nonblocking fork: python3 driver_calib.py params.in results.out
Waiting on completed jobs
Evaluation 7 has completed
Initiating evaluation 9
nonblocking fork: python3 driver_calib.py params.in results.out
Waiting on completed jobs
Evaluation 8 has completed
Initiating evaluation 10
nonblocking fork: python3 driver_calib.py params.in results.out
Waiting on completed jobs
Evaluation 9 has completed
Initiating evaluation 11
nonblocking fork: python3 driver_calib.py params.in results.out
Waiting on completed jobs
Evaluation 10 has completed
Initiating evaluation 12
nonblocking fork: python3 driver_calib.py params.in results.out
Waiting on completed jobs
Evaluation 11 has completed
Initiating evaluation 13
nonblocking fork: python3 driver_calib.py params.in results.out
Waiting on completed jobs
Evaluation 12 has completed
Initiating evaluation 14
nonblocking fork: python3 driver_calib.py params.in results.out
Waiting on completed jobs
Evaluation 13 has completed
Initiating evaluation 15
nonblocking fork: python3 driver_calib.py params.in results.out
Waiting on completed jobs
Evaluation 14 has completed
Initiating evaluation 16
nonblocking fork: python3 driver_calib.py params.in results.out
Waiting on completed jobs
Evaluation 16 has completed
Initiating evaluation 17
nonblocking fork: python3 driver_calib.py params.in results.out
Waiting on completed jobs
Evaluation 15 has completed
Initiating evaluation 18
nonblocking fork: python3 driver_calib.py params.in results.out
Waiting on completed jobs
Evaluation 18 has completed
Initiating evaluation 19
nonblocking fork: python3 driver_calib.py params.in results.out
Waiting on completed jobs
Evaluation 17 has completed
Initiating evaluation 20
nonblocking fork: python3 driver_calib.py params.in results.out
Waiting on completed jobs
Evaluation 19 has completed
Initiating evaluation 21
nonblocking fork: python3 driver_calib.py params.in results.out
Waiting on completed jobs
Evaluation 20 has completed
Initiating evaluation 22
nonblocking fork: python3 driver_calib.py params.in results.out
Waiting on completed jobs
Evaluation 21 has completed
Initiating evaluation 23
nonblocking fork: python3 driver_calib.py params.in results.out
Waiting on completed jobs
Evaluation 22 has completed
Initiating evaluation 24
nonblocking fork: python3 driver_calib.py params.in results.out
Waiting on completed jobs
Evaluation 23 has completed
Initiating evaluation 25
nonblocking fork: python3 driver_calib.py params.in results.out
Waiting on completed jobs
Evaluation 24 has completed
Initiating evaluation 26
nonblocking fork: python3 driver_calib.py params.in results.out
Waiting on completed jobs
Evaluation 25 has completed
Initiating evaluation 27
nonblocking fork: python3 driver_calib.py params.in results.out
Waiting on completed jobs
Evaluation 26 has completed
Initiating evaluation 28
nonblocking fork: python3 driver_calib.py params.in results.out
Waiting on completed jobs
Evaluation 27 has completed
Initiating evaluation 29
nonblocking fork: python3 driver_calib.py params.in results.out
Waiting on completed jobs
Evaluation 28 has completed
Initiating evaluation 30
nonblocking fork: python3 driver_calib.py params.in results.out
Waiting on completed jobs
Evaluation 30 has completed
Initiating evaluation 31
nonblocking fork: python3 driver_calib.py params.in results.out
Waiting on completed jobs
Evaluation 29 has completed
Initiating evaluation 32
nonblocking fork: python3 driver_calib.py params.in results.out
Waiting on completed jobs
Evaluation 32 has completed
Initiating evaluation 33
nonblocking fork: python3 driver_calib.py params.in results.out
Waiting on completed jobs
Evaluation 31 has completed
Initiating evaluation 34
nonblocking fork: python3 driver_calib.py params.in results.out
Waiting on completed jobs
Evaluation 33 has completed
Evaluation 34 has completed
Initiating evaluation 35
nonblocking fork: python3 driver_calib.py params.in results.out
Initiating evaluation 36
nonblocking fork: python3 driver_calib.py params.in results.out
Waiting on completed jobs
Evaluation 35 has completed
Initiating evaluation 37
nonblocking fork: python3 driver_calib.py params.in results.out
Waiting on completed jobs
Evaluation 36 has completed
Initiating evaluation 38
nonblocking fork: python3 driver_calib.py params.in results.out
Waiting on completed jobs
Evaluation 37 has completed
Initiating evaluation 39
nonblocking fork: python3 driver_calib.py params.in results.out
Waiting on completed jobs
Evaluation 38 has completed
Initiating evaluation 40
nonblocking fork: python3 driver_calib.py params.in results.out
Waiting on completed jobs
Evaluation 39 has completed
Initiating evaluation 41
nonblocking fork: python3 driver_calib.py params.in results.out
Waiting on completed jobs
Evaluation 40 has completed
Initiating evaluation 42
nonblocking fork: python3 driver_calib.py params.in results.out
Waiting on completed jobs
Evaluation 41 has completed
Initiating evaluation 43
nonblocking fork: python3 driver_calib.py params.in results.out
Waiting on completed jobs
Evaluation 42 has completed
Initiating evaluation 44
nonblocking fork: python3 driver_calib.py params.in results.out
Waiting on completed jobs
Evaluation 44 has completed
Initiating evaluation 45
nonblocking fork: python3 driver_calib.py params.in results.out
Waiting on completed jobs
Evaluation 43 has completed
Initiating evaluation 46
nonblocking fork: python3 driver_calib.py params.in results.out
Waiting on completed jobs
Evaluation 46 has completed
Initiating evaluation 47
nonblocking fork: python3 driver_calib.py params.in results.out
Waiting on completed jobs
Evaluation 45 has completed
Initiating evaluation 48
nonblocking fork: python3 driver_calib.py params.in results.out
Waiting on completed jobs
Evaluation 48 has completed
Initiating evaluation 49
nonblocking fork: python3 driver_calib.py params.in results.out
Waiting on completed jobs
Evaluation 47 has completed
Waiting on completed jobs
Evaluation 49 has completed

Active response data for evaluation 1:
Active set vector = { 1 1 1 1 1 1 }
                     -7.6880000000e+00 t_0.9m
                     -4.0920000000e+00 t_1.2m
                      1.1600000000e-01 t_1.8m
                      4.7670000000e-01 flow_0.9m
                      6.0610000000e-01 flow_1.2m
                      7.0910000000e-01 flow_1.8m


Active response data for evaluation 2:
Active set vector = { 1 1 1 1 1 1 }
                     -1.1970000000e+01 t_0.9m
                     -7.5040000000e+00 t_1.2m
                     -1.6040000000e+00 t_1.8m
                      5.8390000000e-01 flow_0.9m
                      7.5080000000e-01 flow_1.2m
                      8.1480000000e-01 flow_1.8m


Active response data for evaluation 3:
Active set vector = { 1 1 1 1 1 1 }
                     -1.4466000000e+01 t_0.9m
                     -9.8420000000e+00 t_1.2m
                     -4.3640000000e+00 t_1.8m
                      6.7530000000e-01 flow_0.9m
                      8.8280000000e-01 flow_1.2m
                      9.4860000000e-01 flow_1.8m


Active response data for evaluation 4:
Active set vector = { 1 1 1 1 1 1 }
                     -1.6862000000e+01 t_0.9m
                     -1.0734000000e+01 t_1.2m
                     -5.3960000000e+00 t_1.8m
                      7.7470000000e-01 flow_0.9m
                      8.7680000000e-01 flow_1.2m
                      1.0679000000e+00 flow_1.8m


Active response data for evaluation 5:
Active set vector = { 1 1 1 1 1 1 }
                     -1.8850000000e+01 t_0.9m
                     -1.2156000000e+01 t_1.2m
                     -6.6620000000e+00 t_1.8m
                      8.4030000000e-01 flow_0.9m
                      9.2720000000e-01 flow_1.2m
                      1.1639000000e+00 flow_1.8m


Active response data for evaluation 6:
Active set vector = { 1 1 1 1 1 1 }
                     -2.0010000000e+01 t_0.9m
                     -1.3216000000e+01 t_1.2m
                     -7.4980000000e+00 t_1.8m
                      8.6890000000e-01 flow_0.9m
                      1.0266000000e+00 flow_1.2m
                      1.2294000000e+00 flow_1.8m


Active response data for evaluation 7:
Active set vector = { 1 1 1 1 1 1 }
                     -2.0928000000e+01 t_0.9m
                     -1.5132000000e+01 t_1.2m
                     -8.2500000000e+00 t_1.8m
                      9.1820000000e-01 flow_0.9m
                      1.1636000000e+00 flow_1.2m
                      1.3002000000e+00 flow_1.8m


Active response data for evaluation 8:
Active set vector = { 1 1 1 1 1 1 }
                     -5.3380000000e+00 t_0.9m
                     -1.3860000000e+00 t_1.2m
                      1.6700000000e+00 t_1.8m
                      3.5380000000e-01 flow_0.9m
                      3.6620000000e-01 flow_1.2m
                      4.2890000000e-01 flow_1.8m


Active response data for evaluation 9:
Active set vector = { 1 1 1 1 1 1 }
                     -8.3180000000e+00 t_0.9m
                     -5.6660000000e+00 t_1.2m
                     -5.5800000000e-01 t_1.8m
                      4.0500000000e-01 flow_0.9m
                      5.8760000000e-01 flow_1.2m
                      5.0710000000e-01 flow_1.8m


Active response data for evaluation 10:
Active set vector = { 1 1 1 1 1 1 }
                     -1.1452000000e+01 t_0.9m
                     -6.5340000000e+00 t_1.2m
                     -3.1440000000e+00 t_1.8m
                      4.8630000000e-01 flow_0.9m
                      5.1000000000e-01 flow_1.2m
                      7.4090000000e-01 flow_1.8m


Active response data for evaluation 11:
Active set vector = { 1 1 1 1 1 1 }
                     -1.4056000000e+01 t_0.9m
                     -8.0260000000e+00 t_1.2m
                     -4.1600000000e+00 t_1.8m
                      5.6190000000e-01 flow_0.9m
                      5.7000000000e-01 flow_1.2m
                      7.8540000000e-01 flow_1.8m


Active response data for evaluation 12:
Active set vector = { 1 1 1 1 1 1 }
                     -1.5644000000e+01 t_0.9m
                     -9.1880000000e+00 t_1.2m
                     -5.7680000000e+00 t_1.8m
                      6.1750000000e-01 flow_0.9m
                      5.9670000000e-01 flow_1.2m
                      8.9250000000e-01 flow_1.8m


Active response data for evaluation 13:
Active set vector = { 1 1 1 1 1 1 }
                     -1.8058000000e+01 t_0.9m
                     -1.1774000000e+01 t_1.2m
                     -6.0320000000e+00 t_1.8m
                      6.9320000000e-01 flow_0.9m
                      7.9750000000e-01 flow_1.2m
                      8.2370000000e-01 flow_1.8m


Active response data for evaluation 14:
Active set vector = { 1 1 1 1 1 1 }
                     -1.9102000000e+01 t_0.9m
                     -1.2194000000e+01 t_1.2m
                     -6.4560000000e+00 t_1.8m
                      7.6400000000e-01 flow_0.9m
                      7.8650000000e-01 flow_1.2m
                      8.9240000000e-01 flow_1.8m


Active response data for evaluation 15:
Active set vector = { 1 1 1 1 1 1 }
                     -2.6360000000e+00 t_0.9m
                      1.1640000000e+00 t_1.2m
                      3.0740000000e+00 t_1.8m
                      2.3370000000e-01 flow_0.9m
                      1.7110000000e-01 flow_1.2m
                      1.3340000000e-01 flow_1.8m


Active response data for evaluation 16:
Active set vector = { 1 1 1 1 1 1 }
                     -6.1260000000e+00 t_0.9m
                     -2.0720000000e+00 t_1.2m
                      7.4000000000e-02 t_1.8m
                      3.0050000000e-01 flow_0.9m
                      2.6610000000e-01 flow_1.2m
                      2.7790000000e-01 flow_1.8m


Active response data for evaluation 17:
Active set vector = { 1 1 1 1 1 1 }
                     -8.6840000000e+00 t_0.9m
                     -4.2140000000e+00 t_1.2m
                     -1.4900000000e+00 t_1.8m
                      3.4180000000e-01 flow_0.9m
                      3.3860000000e-01 flow_1.2m
                      3.8180000000e-01 flow_1.8m


Active response data for evaluation 18:
Active set vector = { 1 1 1 1 1 1 }
                     -1.1882000000e+01 t_0.9m
                     -6.1320000000e+00 t_1.2m
                     -2.2440000000e+00 t_1.8m
                      4.4580000000e-01 flow_0.9m
                      3.8170000000e-01 flow_1.2m
                      3.6070000000e-01 flow_1.8m


Active response data for evaluation 19:
Active set vector = { 1 1 1 1 1 1 }
                     -1.3280000000e+01 t_0.9m
                     -7.5400000000e+00 t_1.2m
                     -4.3960000000e+00 t_1.8m
                      4.8220000000e-01 flow_0.9m
                      4.4750000000e-01 flow_1.2m
                      5.5640000000e-01 flow_1.8m


Active response data for evaluation 20:
Active set vector = { 1 1 1 1 1 1 }
                     -1.5370000000e+01 t_0.9m
                     -8.1060000000e+00 t_1.2m
                     -4.8480000000e+00 t_1.8m
                      5.4360000000e-01 flow_0.9m
                      4.3740000000e-01 flow_1.2m
                      5.7950000000e-01 flow_1.8m


Active response data for evaluation 21:
Active set vector = { 1 1 1 1 1 1 }
                     -1.6308000000e+01 t_0.9m
                     -1.0346000000e+01 t_1.2m
                     -5.2580000000e+00 t_1.8m
                      5.5930000000e-01 flow_0.9m
                      5.8260000000e-01 flow_1.2m
                      5.8490000000e-01 flow_1.8m


Active response data for evaluation 22:
Active set vector = { 1 1 1 1 1 1 }
                      2.8480000000e+00 t_0.9m
                      5.6120000000e+00 t_1.2m
                      5.5240000000e+00 t_1.8m
                      5.4300000000e-02 flow_0.9m
                     -7.1700000000e-02 flow_1.2m
                     -1.1440000000e-01 flow_1.8m


Active response data for evaluation 23:
Active set vector = { 1 1 1 1 1 1 }
                     -9.0800000000e-01 t_0.9m
                      1.2000000000e+00 t_1.2m
                      2.9160000000e+00 t_1.8m
                      1.0680000000e-01 flow_0.9m
                      7.4600000000e-02 flow_1.2m
                     -4.1500000000e-02 flow_1.8m


Active response data for evaluation 24:
Active set vector = { 1 1 1 1 1 1 }
                     -3.0580000000e+00 t_0.9m
                     -8.9200000000e-01 t_1.2m
                      1.9800000000e-01 t_1.8m
                      1.1670000000e-01 flow_0.9m
                      8.4900000000e-02 flow_1.2m
                      1.3760000000e-01 flow_1.8m


Active response data for evaluation 25:
Active set vector = { 1 1 1 1 1 1 }
                     -5.8220000000e+00 t_0.9m
                     -3.8080000000e+00 t_1.2m
                     -9.9000000000e-01 t_1.8m
                      1.6870000000e-01 flow_0.9m
                      2.2410000000e-01 flow_1.2m
                      1.3270000000e-01 flow_1.8m


Active response data for evaluation 26:
Active set vector = { 1 1 1 1 1 1 }
                     -7.4740000000e+00 t_0.9m
                     -5.0160000000e+00 t_1.2m
                     -2.0320000000e+00 t_1.8m
                      2.0560000000e-01 flow_0.9m
                      2.4450000000e-01 flow_1.2m
                      1.3880000000e-01 flow_1.8m


Active response data for evaluation 27:
Active set vector = { 1 1 1 1 1 1 }
                     -9.6900000000e+00 t_0.9m
                     -5.6520000000e+00 t_1.2m
                     -3.1280000000e+00 t_1.8m
                      2.5430000000e-01 flow_0.9m
                      2.2830000000e-01 flow_1.2m
                      2.4830000000e-01 flow_1.8m


Active response data for evaluation 28:
Active set vector = { 1 1 1 1 1 1 }
                     -1.1514000000e+01 t_0.9m
                     -7.5880000000e+00 t_1.2m
                     -5.0580000000e+00 t_1.8m
                      3.0230000000e-01 flow_0.9m
                      3.2480000000e-01 flow_1.2m
                      3.5920000000e-01 flow_1.8m


Active response data for evaluation 29:
Active set vector = { 1 1 1 1 1 1 }
                      8.9980000000e+00 t_0.9m
                      8.3300000000e+00 t_1.2m
                      7.2000000000e+00 t_1.8m
                     -1.1560000000e-01 flow_0.9m
                     -1.9760000000e-01 flow_1.2m
                     -3.0720000000e-01 flow_1.8m


Active response data for evaluation 30:
Active set vector = { 1 1 1 1 1 1 }
                      4.4620000000e+00 t_0.9m
                      4.3100000000e+00 t_1.2m
                      4.4620000000e+00 t_1.8m
                     -5.4800000000e-02 flow_0.9m
                     -1.0750000000e-01 flow_1.2m
                     -2.4240000000e-01 flow_1.8m


Active response data for evaluation 31:
Active set vector = { 1 1 1 1 1 1 }
                      1.4140000000e+00 t_0.9m
                      1.9380000000e+00 t_1.2m
                      2.5360000000e+00 t_1.8m
                     -1.3100000000e-02 flow_0.9m
                     -6.7600000000e-02 flow_1.2m
                     -1.9570000000e-01 flow_1.8m


Active response data for evaluation 32:
Active set vector = { 1 1 1 1 1 1 }
                     -8.7000000000e-01 t_0.9m
                     -4.9400000000e-01 t_1.2m
                      6.4400000000e-01 t_1.8m
                      8.4000000000e-03 flow_0.9m
                      7.3000000000e-03 flow_1.2m
                     -9.3600000000e-02 flow_1.8m


Active response data for evaluation 33:
Active set vector = { 1 1 1 1 1 1 }
                     -4.2460000000e+00 t_0.9m
                     -1.8120000000e+00 t_1.2m
                     -3.7800000000e-01 t_1.8m
                      7.8500000000e-02 flow_0.9m
                      3.3400000000e-02 flow_1.2m
                     -6.2900000000e-02 flow_1.8m


Active response data for evaluation 34:
Active set vector = { 1 1 1 1 1 1 }
                     -4.1600000000e+00 t_0.9m
                     -3.0800000000e+00 t_1.2m
                     -2.0460000000e+00 t_1.8m
                      5.7700000000e-02 flow_0.9m
                      4.7800000000e-02 flow_1.2m
                      2.0800000000e-02 flow_1.8m


Active response data for evaluation 35:
Active set vector = { 1 1 1 1 1 1 }
                     -6.1780000000e+00 t_0.9m
                     -6.0680000000e+00 t_1.2m
                     -3.2660000000e+00 t_1.8m
                      9.8800000000e-02 flow_0.9m
                      1.7890000000e-01 flow_1.2m
                      6.6100000000e-02 flow_1.8m


Active response data for evaluation 36:
Active set vector = { 1 1 1 1 1 1 }
                      1.5752000000e+01 t_0.9m
                      1.2102000000e+01 t_1.2m
                      9.6420000000e+00 t_1.8m
                     -2.4550000000e-01 flow_0.9m
                     -3.4600000000e-01 flow_1.2m
                     -5.3750000000e-01 flow_1.8m


Active response data for evaluation 37:
Active set vector = { 1 1 1 1 1 1 }
                      1.1988000000e+01 t_0.9m
                      6.6680000000e+00 t_1.2m
                      6.8000000000e+00 t_1.8m
                     -2.1550000000e-01 flow_0.9m
                     -2.1780000000e-01 flow_1.2m
                     -4.8180000000e-01 flow_1.8m


Active response data for evaluation 38:
Active set vector = { 1 1 1 1 1 1 }
                      1.0548000000e+01 t_0.9m
                      3.9100000000e+00 t_1.2m
                      4.4700000000e+00 t_1.8m
                     -2.1240000000e-01 flow_0.9m
                     -1.6240000000e-01 flow_1.2m
                     -3.7840000000e-01 flow_1.8m


Active response data for evaluation 39:
Active set vector = { 1 1 1 1 1 1 }
                      6.7460000000e+00 t_0.9m
                      2.2680000000e+00 t_1.2m
                      2.6080000000e+00 t_1.8m
                     -1.5460000000e-01 flow_0.9m
                     -1.4860000000e-01 flow_1.2m
                     -3.1000000000e-01 flow_1.8m


Active response data for evaluation 40:
Active set vector = { 1 1 1 1 1 1 }
                      5.5400000000e+00 t_0.9m
                      1.0360000000e+00 t_1.2m
                      4.8000000000e-01 t_1.8m
                     -1.5050000000e-01 flow_0.9m
                     -1.2500000000e-01 flow_1.2m
                     -2.2400000000e-01 flow_1.8m


Active response data for evaluation 41:
Active set vector = { 1 1 1 1 1 1 }
                      3.1940000000e+00 t_0.9m
                     -2.0800000000e+00 t_1.2m
                      4.5400000000e-01 t_1.8m
                     -1.1700000000e-01 flow_0.9m
                     -1.2700000000e-02 flow_1.2m
                     -2.8480000000e-01 flow_1.8m


Active response data for evaluation 42:
Active set vector = { 1 1 1 1 1 1 }
                      2.5300000000e+00 t_0.9m
                     -2.7420000000e+00 t_1.2m
                     -8.4400000000e-01 t_1.8m
                     -1.1240000000e-01 flow_0.9m
                     -1.7400000000e-02 flow_1.2m
                     -1.6770000000e-01 flow_1.8m


Active response data for evaluation 43:
Active set vector = { 1 1 1 1 1 1 }
                      2.5000000000e+01 t_0.9m
                      1.4286000000e+01 t_1.2m
                      1.2408000000e+01 t_1.8m
                     -3.6470000000e-01 flow_0.9m
                     -4.1580000000e-01 flow_1.2m
                     -7.4240000000e-01 flow_1.8m


Active response data for evaluation 44:
Active set vector = { 1 1 1 1 1 1 }
                      2.1078000000e+01 t_0.9m
                      1.1152000000e+01 t_1.2m
                      7.5240000000e+00 t_1.8m
                     -3.4140000000e-01 flow_0.9m
                     -3.8330000000e-01 flow_1.2m
                     -5.7190000000e-01 flow_1.8m


Active response data for evaluation 45:
Active set vector = { 1 1 1 1 1 1 }
                      1.8342000000e+01 t_0.9m
                      7.8380000000e+00 t_1.2m
                      6.4820000000e+00 t_1.8m
                     -3.2260000000e-01 flow_0.9m
                     -3.2250000000e-01 flow_1.2m
                     -6.0100000000e-01 flow_1.8m


Active response data for evaluation 46:
Active set vector = { 1 1 1 1 1 1 }
                      1.6102000000e+01 t_0.9m
                      5.3740000000e+00 t_1.2m
                      4.0960000000e+00 t_1.8m
                     -3.0790000000e-01 flow_0.9m
                     -2.7030000000e-01 flow_1.2m
                     -4.6720000000e-01 flow_1.8m


Active response data for evaluation 47:
Active set vector = { 1 1 1 1 1 1 }
                      1.3588000000e+01 t_0.9m
                      3.7060000000e+00 t_1.2m
                      2.6400000000e+00 t_1.8m
                     -2.8360000000e-01 flow_0.9m
                     -2.5360000000e-01 flow_1.2m
                     -4.1800000000e-01 flow_1.8m


Active response data for evaluation 48:
Active set vector = { 1 1 1 1 1 1 }
                      1.2924000000e+01 t_0.9m
                      2.6060000000e+00 t_1.2m
                      1.4720000000e+00 t_1.8m
                     -2.8510000000e-01 flow_0.9m
                     -2.3910000000e-01 flow_1.2m
                     -4.1170000000e-01 flow_1.8m


Active response data for evaluation 49:
Active set vector = { 1 1 1 1 1 1 }
                      9.5520000000e+00 t_0.9m
                      9.6000000000e-01 t_1.2m
                      1.8000000000e-01 t_1.8m
                     -2.4130000000e-01 flow_0.9m
                     -1.9530000000e-01 flow_1.2m
                     -3.4430000000e-01 flow_1.8m

<<<<< Function evaluation summary: 49 total (49 new, 0 duplicate)
<<<<< Best parameters          =
                      1.4666666667e+00 desired_speed
                      1.7333333333e-01 radius
<<<<< Best residual terms      =
                     -4.1600000000e+00
                     -3.0800000000e+00
                     -2.0460000000e+00
                      5.7700000000e-02
                      4.7800000000e-02
                      2.0800000000e-02
<<<<< Best evaluation ID: 34

Simple Correlation Matrix among all inputs and outputs:
             desired_speed       radius       t_0.9m       t_1.2m       t_1.8m    flow_0.9m    flow_1.2m    flow_1.8m 
desired_speed  1.00000e+00 
      radius -4.53152e-18  1.00000e+00 
      t_0.9m -3.86107e-01  8.98087e-01  1.00000e+00 
      t_1.2m -5.72542e-01  8.05910e-01  9.57338e-01  1.00000e+00 
      t_1.8m -6.76212e-01  7.12740e-01  9.18665e-01  9.81769e-01  1.00000e+00 
   flow_0.9m  2.44296e-01 -9.60790e-01 -9.55424e-01 -9.07414e-01 -8.43656e-01  1.00000e+00 
   flow_1.2m  2.81558e-01 -9.44836e-01 -9.33757e-01 -9.24502e-01 -8.56109e-01  9.84182e-01  1.00000e+00 
   flow_1.8m  2.67046e-01 -9.54421e-01 -9.43339e-01 -9.18441e-01 -8.63739e-01  9.89748e-01  9.89261e-01  1.00000e+00 

Partial Correlation Matrix between input and output:
                   t_0.9m       t_1.2m       t_1.8m    flow_0.9m    flow_1.2m    flow_1.8m 
desired_speed -8.77878e-01 -9.67069e-01 -9.64050e-01  8.81053e-01  8.59608e-01  8.94738e-01 
      radius  9.73584e-01  9.82966e-01  9.67467e-01 -9.90811e-01 -9.84672e-01 -9.90388e-01 

Simple Rank Correlation Matrix among all inputs and outputs:
             desired_speed       radius       t_0.9m       t_1.2m       t_1.8m    flow_0.9m    flow_1.2m    flow_1.8m 
desired_speed  1.00000e+00 
      radius -7.50533e-18  1.00000e+00 
      t_0.9m -3.93959e-01  9.03365e-01  1.00000e+00 
      t_1.2m -5.59192e-01  8.12451e-01  9.66939e-01  1.00000e+00 
      t_1.8m -6.61650e-01  7.25145e-01  9.33980e-01  9.82041e-01  1.00000e+00 
   flow_0.9m  2.38107e-01 -9.65417e-01 -9.81020e-01 -9.23061e-01 -8.65510e-01  1.00000e+00 
   flow_1.2m  2.66247e-01 -9.57480e-01 -9.71633e-01 -9.39388e-01 -8.77041e-01  9.87041e-01  1.00000e+00 
   flow_1.8m  2.59754e-01 -9.61088e-01 -9.74184e-01 -9.31939e-01 -8.79388e-01  9.92857e-01  9.90918e-01  1.00000e+00 

Partial Rank Correlation Matrix between input and output:
                   t_0.9m       t_1.2m       t_1.8m    flow_0.9m    flow_1.2m    flow_1.8m 
desired_speed -9.18593e-01 -9.59114e-01 -9.60868e-01  9.13304e-01  9.22872e-01  9.40310e-01 
      radius  9.82850e-01  9.79992e-01  9.67102e-01 -9.94006e-01 -9.93335e-01 -9.95250e-01 


<<<<< Iterator multidim_parameter_study completed.
<<<<< Environment execution completed.
DAKOTA execution time in seconds:
  Total CPU        =   0.296176 [parent =   0.296187, child =   -1.1e-05]
  Total wall clock =    157.962
